#
# There is insufficient memory for the Java Runtime Environment to continue.
# Native memory allocation (mmap) failed to map 253755392 bytes for G1 virtual space
# Possible reasons:
#   The system is out of physical RAM or swap space
#   The process is running with CompressedOops enabled, and the Java Heap may be blocking the growth of the native heap
# Possible solutions:
#   Reduce memory load on the system
#   Increase physical memory or swap space
#   Check if swap backing store is full
#   Decrease Java heap size (-Xmx/-Xms)
#   Decrease number of Java threads
#   Decrease Java thread stack sizes (-Xss)
#   Set larger code cache with -XX:ReservedCodeCacheSize=
#   JVM is running with Unscaled Compressed Oops mode in which the Java heap is
#     placed in the first 4GB address space. The Java Heap base address is the
#     maximum limit for the native heap growth. Please use -XX:HeapBaseMinAddress
#     to set the Java Heap base and to place the Java Heap above 4GB virtual address.
# This output file may be truncated or incomplete.
#
#  Out of Memory Error (os_windows.cpp:3603), pid=40132, tid=15128
#
# JRE version: Java(TM) SE Runtime Environment (21.0.7+8) (build 21.0.7+8-LTS-245)
# Java VM: Java HotSpot(TM) 64-Bit Server VM (21.0.7+8-LTS-245, mixed mode, emulated-client, sharing, tiered, compressed oops, compressed class ptrs, g1 gc, windows-amd64)
# No core dump will be written. Minidumps are not enabled by default on client versions of Windows
#

---------------  S U M M A R Y ------------

Command Line: -Dcom.sun.management.jmxremote -Dcom.sun.management.jmxremote.port=55046 -Dcom.sun.management.jmxremote.authenticate=false -Dcom.sun.management.jmxremote.ssl=false -Djava.rmi.server.hostname=localhost -Dspring.jmx.enabled=true -Dmanagement.endpoints.jmx.exposure.include=* -Dspring.application.admin.enabled=true -Dspring.output.ansi.enabled=always -XX:TieredStopAtLevel=1 -Dspring.boot.project.name=StudentActivitiesManagement -Dfile.encoding=UTF-8 -Dstdout.encoding=UTF-8 -Dstderr.encoding=UTF-8 -XX:+ShowCodeDetailsInExceptionMessages com.klef.fsad.sdp.StudentActivitiesManagementApplication

Host: 12th Gen Intel(R) Core(TM) i5-1235U, 12 cores, 7G,  Windows 11 , 64 bit Build 26100 (10.0.26100.8115)
Time: Tue Apr  7 16:16:40 2026 India Standard Time elapsed time: 3074.672192 seconds (0d 0h 51m 14s)

---------------  T H R E A D  ---------------

Current thread (0x000001dd11372490):  VMThread "VM Thread"          [id=15128, stack(0x000000864b800000,0x000000864b900000) (1024K)]

Stack: [0x000000864b800000,0x000000864b900000]
Native frames: (J=compiled Java code, j=interpreted, Vv=VM code, C=native code)
V  [jvm.dll+0x6cae19]
V  [jvm.dll+0x855741]
V  [jvm.dll+0x857c6e]
V  [jvm.dll+0x858343]
V  [jvm.dll+0x27e0b6]
V  [jvm.dll+0x6c7595]
V  [jvm.dll+0x6bc0fa]
V  [jvm.dll+0x353eaa]
V  [jvm.dll+0x35bb26]
V  [jvm.dll+0x3ae52e]
V  [jvm.dll+0x3ae7d8]
V  [jvm.dll+0x3281bc]
V  [jvm.dll+0x328247]
V  [jvm.dll+0x36cbcc]
V  [jvm.dll+0x36b41e]
V  [jvm.dll+0x327981]
V  [jvm.dll+0x36ab3a]
V  [jvm.dll+0x85e110]
V  [jvm.dll+0x85f494]
V  [jvm.dll+0x85f9d0]
V  [jvm.dll+0x85fc73]
V  [jvm.dll+0x7ffa1b]
V  [jvm.dll+0x6c94fd]
C  [ucrtbase.dll+0x37b0]
C  [KERNEL32.DLL+0x2e8d7]
C  [ntdll.dll+0x8c3fc]

VM_Operation (0x000000864dbfdc70): G1CollectForAllocation, mode: safepoint, requested by thread 0x000001dd5a7afdf0


---------------  P R O C E S S  ---------------

Threads class SMR info:
_java_thread_list=0x000001dd5f9b2ae0, length=40, elements={
0x000001dd1138d780, 0x000001dd11390310, 0x000001dd11393230, 0x000001dd11393f00,
0x000001dd11395a90, 0x000001dd11b38090, 0x000001dd11b38c10, 0x000001dd11bc5be0,
0x000001dd11c8a160, 0x000001dd5730fc40, 0x000001dd57315560, 0x000001dd573367b0,
0x000001dd5775c090, 0x000001dd57c18ac0, 0x000001dd58ebb160, 0x000001dd5a7ad690,
0x000001dd5a7aa210, 0x000001dd5a7ae3b0, 0x000001dd5a7a8e60, 0x000001dd5a7abc50,
0x000001dd5a7ac970, 0x000001dd5f5557e0, 0x000001dd5a7aaf30, 0x000001dd5a7a94f0,
0x000001dd5a7aea40, 0x000001dd5a7ab5c0, 0x000001dd5a7af0d0, 0x000001dd5a7afdf0,
0x000001dd5a7b0480, 0x000001dd5f2413b0, 0x000001dd5f240d20, 0x000001dd5f23ec50,
0x000001dd5f240690, 0x000001dd5f241a40, 0x000001dd5f242760, 0x000001dd5f23f2e0,
0x000001dd5f242df0, 0x000001dd5f23f970, 0x000001dd5f240000, 0x000001dd5f244ec0
}

Java Threads: ( => current thread )
  0x000001dd1138d780 JavaThread "Reference Handler"          daemon [_thread_blocked, id=14880, stack(0x000000864b900000,0x000000864ba00000) (1024K)]
  0x000001dd11390310 JavaThread "Finalizer"                  daemon [_thread_blocked, id=18572, stack(0x000000864ba00000,0x000000864bb00000) (1024K)]
  0x000001dd11393230 JavaThread "Signal Dispatcher"          daemon [_thread_blocked, id=50044, stack(0x000000864bb00000,0x000000864bc00000) (1024K)]
  0x000001dd11393f00 JavaThread "Attach Listener"            daemon [_thread_blocked, id=37768, stack(0x000000864bc00000,0x000000864bd00000) (1024K)]
  0x000001dd11395a90 JavaThread "Service Thread"             daemon [_thread_blocked, id=44884, stack(0x000000864bd00000,0x000000864be00000) (1024K)]
  0x000001dd11b38090 JavaThread "Monitor Deflation Thread"   daemon [_thread_blocked, id=50812, stack(0x000000864be00000,0x000000864bf00000) (1024K)]
  0x000001dd11b38c10 JavaThread "C1 CompilerThread0"         daemon [_thread_blocked, id=42324, stack(0x000000864bf00000,0x000000864c000000) (1024K)]
  0x000001dd11bc5be0 JavaThread "Common-Cleaner"             daemon [_thread_blocked, id=51360, stack(0x000000864c000000,0x000000864c100000) (1024K)]
  0x000001dd11c8a160 JavaThread "Notification Thread"        daemon [_thread_blocked, id=10140, stack(0x000000864c300000,0x000000864c400000) (1024K)]
  0x000001dd5730fc40 JavaThread "RMI TCP Accept-0"           daemon [_thread_in_native, id=42356, stack(0x000000864c500000,0x000000864c600000) (1024K)]
  0x000001dd57315560 JavaThread "RMI TCP Accept-55046"       daemon [_thread_in_native, id=41360, stack(0x000000864c600000,0x000000864c700000) (1024K)]
  0x000001dd573367b0 JavaThread "RMI TCP Accept-0"           daemon [_thread_in_native, id=52176, stack(0x000000864c700000,0x000000864c800000) (1024K)]
  0x000001dd5775c090 JavaThread "RMI Scheduler(0)"           daemon [_thread_blocked, id=48860, stack(0x000000864d400000,0x000000864d500000) (1024K)]
  0x000001dd57c18ac0 JavaThread "JMX server connection timeout 40" daemon [_thread_blocked, id=28352, stack(0x000000864d600000,0x000000864d700000) (1024K)]
  0x000001dd58ebb160 JavaThread "mysql-cj-abandoned-connection-cleanup" daemon [_thread_blocked, id=51072, stack(0x000000864dc00000,0x000000864dd00000) (1024K)]
  0x000001dd5a7ad690 JavaThread "DestroyJavaVM"                     [_thread_blocked, id=11948, stack(0x000000864b100000,0x000000864b200000) (1024K)]
  0x000001dd5a7aa210 JavaThread "File Watcher"               daemon [_thread_blocked, id=51524, stack(0x000000864af00000,0x000000864b000000) (1024K)]
  0x000001dd5a7ae3b0 JavaThread "RMI TCP Connection(97)-127.0.0.1" daemon [_thread_in_native, id=20820, stack(0x000000864e900000,0x000000864ea00000) (1024K)]
  0x000001dd5a7a8e60 JavaThread "RMI TCP Connection(96)-127.0.0.1" daemon [_thread_in_native, id=38464, stack(0x000000864ae00000,0x000000864af00000) (1024K)]
  0x000001dd5a7abc50 JavaThread "RMI TCP Connection(95)-127.0.0.1" daemon [_thread_in_native, id=27436, stack(0x000000864d100000,0x000000864d200000) (1024K)]
  0x000001dd5a7ac970 JavaThread "RMI TCP Connection(98)-127.0.0.1" daemon [_thread_in_native, id=52420, stack(0x000000864e800000,0x000000864e900000) (1024K)]
  0x000001dd5f5557e0 JavaThread "C1 CompilerThread1"         daemon [_thread_blocked, id=52760, stack(0x000000864d800000,0x000000864d900000) (1024K)]
  0x000001dd5a7aaf30 JavaThread "Catalina-utility-1"                [_thread_blocked, id=40688, stack(0x000000864c200000,0x000000864c300000) (1024K)]
  0x000001dd5a7a94f0 JavaThread "Catalina-utility-2"                [_thread_blocked, id=32320, stack(0x000000864d200000,0x000000864d300000) (1024K)]
  0x000001dd5a7aea40 JavaThread "container-1"                       [_thread_blocked, id=38012, stack(0x000000864d300000,0x000000864d400000) (1024K)]
  0x000001dd5a7ab5c0 JavaThread "HikariPool-58:housekeeper"  daemon [_thread_blocked, id=50016, stack(0x000000864d500000,0x000000864d600000) (1024K)]
  0x000001dd5a7af0d0 JavaThread "HikariPool-58:connection-adder" daemon [_thread_blocked, id=12544, stack(0x000000864d700000,0x000000864d800000) (1024K)]
  0x000001dd5a7afdf0 JavaThread "File Watcher"               daemon [_thread_blocked, id=14604, stack(0x000000864db00000,0x000000864dc00000) (1024K)]
  0x000001dd5a7b0480 JavaThread "http-nio-1111-exec-1"       daemon [_thread_blocked, id=45532, stack(0x000000864dd00000,0x000000864de00000) (1024K)]
  0x000001dd5f2413b0 JavaThread "http-nio-1111-exec-2"       daemon [_thread_blocked, id=43912, stack(0x000000864de00000,0x000000864df00000) (1024K)]
  0x000001dd5f240d20 JavaThread "http-nio-1111-exec-3"       daemon [_thread_blocked, id=49888, stack(0x000000864df00000,0x000000864e000000) (1024K)]
  0x000001dd5f23ec50 JavaThread "http-nio-1111-exec-4"       daemon [_thread_blocked, id=45984, stack(0x000000864e000000,0x000000864e100000) (1024K)]
  0x000001dd5f240690 JavaThread "http-nio-1111-exec-5"       daemon [_thread_blocked, id=52000, stack(0x000000864e100000,0x000000864e200000) (1024K)]
  0x000001dd5f241a40 JavaThread "http-nio-1111-exec-6"       daemon [_thread_blocked, id=11420, stack(0x000000864e200000,0x000000864e300000) (1024K)]
  0x000001dd5f242760 JavaThread "http-nio-1111-exec-7"       daemon [_thread_blocked, id=37756, stack(0x000000864e300000,0x000000864e400000) (1024K)]
  0x000001dd5f23f2e0 JavaThread "http-nio-1111-exec-8"       daemon [_thread_blocked, id=52416, stack(0x000000864e400000,0x000000864e500000) (1024K)]
  0x000001dd5f242df0 JavaThread "http-nio-1111-exec-9"       daemon [_thread_blocked, id=44312, stack(0x000000864e500000,0x000000864e600000) (1024K)]
  0x000001dd5f23f970 JavaThread "http-nio-1111-exec-10"      daemon [_thread_blocked, id=47992, stack(0x000000864e600000,0x000000864e700000) (1024K)]
  0x000001dd5f240000 JavaThread "http-nio-1111-Poller"       daemon [_thread_blocked, id=38440, stack(0x000000864e700000,0x000000864e800000) (1024K)]
  0x000001dd5f244ec0 JavaThread "http-nio-1111-Acceptor"     daemon [_thread_in_native, id=45804, stack(0x000000864ea00000,0x000000864eb00000) (1024K)]
Total: 40

Other Threads:
=>0x000001dd11372490 VMThread "VM Thread"                           [id=15128, stack(0x000000864b800000,0x000000864b900000) (1024K)]
  0x000001dd11363240 WatcherThread "VM Periodic Task Thread"        [id=49436, stack(0x000000864b700000,0x000000864b800000) (1024K)]
  0x000001dd7faaf130 WorkerThread "GC Thread#0"                     [id=8412, stack(0x000000864b200000,0x000000864b300000) (1024K)]
  0x000001dd5742f590 WorkerThread "GC Thread#1"                     [id=47552, stack(0x000000864c800000,0x000000864c900000) (1024K)]
  0x000001dd5776fed0 WorkerThread "GC Thread#2"                     [id=40044, stack(0x000000864c900000,0x000000864ca00000) (1024K)]
  0x000001dd57770270 WorkerThread "GC Thread#3"                     [id=49060, stack(0x000000864ca00000,0x000000864cb00000) (1024K)]
  0x000001dd57770610 WorkerThread "GC Thread#4"                     [id=40552, stack(0x000000864cb00000,0x000000864cc00000) (1024K)]
  0x000001dd577709b0 WorkerThread "GC Thread#5"                     [id=22872, stack(0x000000864cc00000,0x000000864cd00000) (1024K)]
  0x000001dd57770d50 WorkerThread "GC Thread#6"                     [id=37040, stack(0x000000864cd00000,0x000000864ce00000) (1024K)]
  0x000001dd57793120 WorkerThread "GC Thread#7"                     [id=51216, stack(0x000000864ce00000,0x000000864cf00000) (1024K)]
  0x000001dd5779b4d0 WorkerThread "GC Thread#8"                     [id=44964, stack(0x000000864cf00000,0x000000864d000000) (1024K)]
  0x000001dd5779b870 WorkerThread "GC Thread#9"                     [id=38824, stack(0x000000864d000000,0x000000864d100000) (1024K)]
  0x000001dd7fabf6a0 ConcurrentGCThread "G1 Main Marker"            [id=52128, stack(0x000000864b300000,0x000000864b400000) (1024K)]
  0x000001dd7fac00b0 WorkerThread "G1 Conc#0"                       [id=6208, stack(0x000000864b400000,0x000000864b500000) (1024K)]
  0x000001dd57d1d280 WorkerThread "G1 Conc#1"                       [id=26216, stack(0x000000864d900000,0x000000864da00000) (1024K)]
  0x000001dd57d1cb40 WorkerThread "G1 Conc#2"                       [id=43332, stack(0x000000864da00000,0x000000864db00000) (1024K)]
  0x000001dd7fb0e960 ConcurrentGCThread "G1 Refine#0"               [id=30056, stack(0x000000864b500000,0x000000864b600000) (1024K)]
  0x000001dd11226460 ConcurrentGCThread "G1 Service"                [id=21248, stack(0x000000864b600000,0x000000864b700000) (1024K)]
Total: 18

Threads with active compile tasks:
Total: 0

VM state: at safepoint (normal execution)

VM Mutex/Monitor currently owned by a thread:  ([mutex/lock_event])
[0x00007fffc6f0de50] Threads_lock - owner thread: 0x000001dd11372490
[0x00007fffc6f0df50] Heap_lock - owner thread: 0x000001dd5a7afdf0

Heap address: 0x0000000084c00000, size: 1972 MB, Compressed Oops mode: 32-bit

CDS archive(s) mapped at: [0x000001dd12000000-0x000001dd12c90000-0x000001dd12c90000), size 13172736, SharedBaseAddress: 0x000001dd12000000, ArchiveRelocationMode: 1.
Compressed class space mapped at: 0x000001dd13000000-0x000001dd53000000, reserved size: 1073741824
Narrow klass base: 0x000001dd12000000, Narrow klass shift: 0, Narrow klass range: 0x100000000

GC Precious Log:
 CardTable entry size: 512
 Card Set container configuration: InlinePtr #cards 5 size 8 Array Of Cards #cards 12 size 40 Howl #buckets 4 coarsen threshold 1843 Howl Bitmap #cards 512 size 80 coarsen threshold 460 Card regions per heap region 1 cards per card region 2048
 CPUs: 12 total, 12 available
 Memory: 7885M
 Large Page Support: Disabled
 NUMA Support: Disabled
 Compressed Oops: Enabled (32-bit)
 Heap Region Size: 1M
 Heap Min Capacity: 8M
 Heap Initial Capacity: 124M
 Heap Max Capacity: 1972M
 Pre-touch: Disabled
 Parallel Workers: 10
 Concurrent Workers: 3
 Concurrent Refinement Workers: 10
 Periodic GC: Disabled

Heap:
 garbage-first heap   total 147456K, used 49676K [0x0000000084c00000, 0x0000000100000000)
  region size 1024K, 7 young (7168K), 7 survivors (7168K)
 Metaspace       used 115020K, committed 116864K, reserved 1179648K
  class space    used 15044K, committed 16000K, reserved 1048576K

Heap Regions: E=young(eden), S=young(survivor), O=old, HS=humongous(starts), HC=humongous(continues), CS=collection set, F=free, TAMS=top-at-mark-start, PB=parsable bottom
|   0|0x0000000084c00000, 0x0000000084d00000, 0x0000000084d00000|100%|HS|  |TAMS 0x0000000084d00000| PB 0x0000000084c00000| Untracked 
|   1|0x0000000084d00000, 0x0000000084e00000, 0x0000000084e00000|100%|HS|  |TAMS 0x0000000084e00000| PB 0x0000000084d00000| Untracked 
|   2|0x0000000084e00000, 0x0000000084f00000, 0x0000000084f00000|100%| O|  |TAMS 0x0000000084f00000| PB 0x0000000084e00000| Untracked 
|   3|0x0000000084f00000, 0x0000000085000000, 0x0000000085000000|100%| O|  |TAMS 0x0000000085000000| PB 0x0000000084f00000| Untracked 
|   4|0x0000000085000000, 0x00000000850ffff0, 0x0000000085100000| 99%| O|  |TAMS 0x00000000850ffff0| PB 0x0000000085000000| Untracked 
|   5|0x0000000085100000, 0x00000000851ffff8, 0x0000000085200000| 99%| O|  |TAMS 0x00000000851ffff8| PB 0x0000000085100000| Untracked 
|   6|0x0000000085200000, 0x00000000852ffff0, 0x0000000085300000| 99%| O|  |TAMS 0x00000000852ffff0| PB 0x0000000085200000| Untracked 
|   7|0x0000000085300000, 0x0000000085400000, 0x0000000085400000|100%| O|  |TAMS 0x0000000085400000| PB 0x0000000085300000| Untracked 
|   8|0x0000000085400000, 0x00000000854fffe8, 0x0000000085500000| 99%| O|  |TAMS 0x00000000854fffe8| PB 0x0000000085400000| Untracked 
|   9|0x0000000085500000, 0x00000000855fab50, 0x0000000085600000| 97%| O|  |TAMS 0x00000000855fab50| PB 0x0000000085500000| Untracked 
|  10|0x0000000085600000, 0x0000000085700000, 0x0000000085700000|100%| O|  |TAMS 0x0000000085700000| PB 0x0000000085600000| Untracked 
|  11|0x0000000085700000, 0x00000000857ffe28, 0x0000000085800000| 99%| O|  |TAMS 0x00000000857ffe28| PB 0x0000000085700000| Untracked 
|  12|0x0000000085800000, 0x00000000858ffff0, 0x0000000085900000| 99%| O|  |TAMS 0x00000000858ffff0| PB 0x0000000085800000| Untracked 
|  13|0x0000000085900000, 0x00000000859ffff8, 0x0000000085a00000| 99%| O|  |TAMS 0x00000000859ffff8| PB 0x0000000085900000| Untracked 
|  14|0x0000000085a00000, 0x0000000085affff0, 0x0000000085b00000| 99%| O|  |TAMS 0x0000000085affff0| PB 0x0000000085a00000| Untracked 
|  15|0x0000000085b00000, 0x0000000085bffff0, 0x0000000085c00000| 99%| O|  |TAMS 0x0000000085bffff0| PB 0x0000000085b00000| Untracked 
|  16|0x0000000085c00000, 0x0000000085cff1a8, 0x0000000085d00000| 99%| O|  |TAMS 0x0000000085cff1a8| PB 0x0000000085c00000| Untracked 
|  17|0x0000000085d00000, 0x0000000085dfffe0, 0x0000000085e00000| 99%| O|  |TAMS 0x0000000085dfffe0| PB 0x0000000085d00000| Untracked 
|  18|0x0000000085e00000, 0x0000000085efffa8, 0x0000000085f00000| 99%| O|  |TAMS 0x0000000085efffa8| PB 0x0000000085e00000| Untracked 
|  19|0x0000000085f00000, 0x0000000085fffff8, 0x0000000086000000| 99%| O|  |TAMS 0x0000000085fffff8| PB 0x0000000085f00000| Untracked 
|  20|0x0000000086000000, 0x00000000860fffc0, 0x0000000086100000| 99%| O|  |TAMS 0x00000000860fffc0| PB 0x0000000086000000| Untracked 
|  21|0x0000000086100000, 0x00000000861ffef0, 0x0000000086200000| 99%| O|  |TAMS 0x00000000861ffef0| PB 0x0000000086100000| Untracked 
|  22|0x0000000086200000, 0x00000000862ffff8, 0x0000000086300000| 99%| O|  |TAMS 0x00000000862ffff8| PB 0x0000000086200000| Untracked 
|  23|0x0000000086300000, 0x00000000863ffff0, 0x0000000086400000| 99%| O|  |TAMS 0x00000000863ffff0| PB 0x0000000086300000| Untracked 
|  24|0x0000000086400000, 0x00000000864ffff8, 0x0000000086500000| 99%| O|  |TAMS 0x00000000864ffff8| PB 0x0000000086400000| Untracked 
|  25|0x0000000086500000, 0x00000000865fffe8, 0x0000000086600000| 99%| O|  |TAMS 0x00000000865fffe8| PB 0x0000000086500000| Untracked 
|  26|0x0000000086600000, 0x00000000866fffe0, 0x0000000086700000| 99%| O|  |TAMS 0x00000000866fffe0| PB 0x0000000086600000| Untracked 
|  27|0x0000000086700000, 0x00000000867ffff0, 0x0000000086800000| 99%| O|  |TAMS 0x00000000867ffff0| PB 0x0000000086700000| Untracked 
|  28|0x0000000086800000, 0x00000000868fffe8, 0x0000000086900000| 99%| O|  |TAMS 0x00000000868fffe8| PB 0x0000000086800000| Untracked 
|  29|0x0000000086900000, 0x00000000869ffff0, 0x0000000086a00000| 99%| O|  |TAMS 0x00000000869ffff0| PB 0x0000000086900000| Untracked 
|  30|0x0000000086a00000, 0x0000000086afffd0, 0x0000000086b00000| 99%| O|  |TAMS 0x0000000086afffd0| PB 0x0000000086a00000| Untracked 
|  31|0x0000000086b00000, 0x0000000086bffff8, 0x0000000086c00000| 99%| O|  |TAMS 0x0000000086bffff8| PB 0x0000000086b00000| Untracked 
|  32|0x0000000086c00000, 0x0000000086cfffe0, 0x0000000086d00000| 99%| O|  |TAMS 0x0000000086cfffe0| PB 0x0000000086c00000| Untracked 
|  33|0x0000000086d00000, 0x0000000086e00000, 0x0000000086e00000|100%| O|  |TAMS 0x0000000086e00000| PB 0x0000000086d00000| Untracked 
|  34|0x0000000086e00000, 0x0000000086efffd0, 0x0000000086f00000| 99%| O|  |TAMS 0x0000000086efffd0| PB 0x0000000086e00000| Untracked 
|  35|0x0000000086f00000, 0x0000000086fffff0, 0x0000000087000000| 99%| O|  |TAMS 0x0000000086fffff0| PB 0x0000000086f00000| Untracked 
|  36|0x0000000087000000, 0x00000000870ffff8, 0x0000000087100000| 99%| O|  |TAMS 0x00000000870ffff8| PB 0x0000000087000000| Untracked 
|  37|0x0000000087100000, 0x00000000871ffff0, 0x0000000087200000| 99%| O|  |TAMS 0x00000000871ffff0| PB 0x0000000087100000| Untracked 
|  38|0x0000000087200000, 0x00000000872cb768, 0x0000000087300000| 79%| O|  |TAMS 0x00000000872cb768| PB 0x0000000087200000| Untracked 
|  39|0x0000000087300000, 0x00000000873bae30, 0x0000000087400000| 73%| O|  |TAMS 0x00000000873bae30| PB 0x0000000087300000| Untracked 
|  40|0x0000000087400000, 0x00000000874ffff0, 0x0000000087500000| 99%| O|  |TAMS 0x00000000874ffff0| PB 0x0000000087400000| Untracked 
|  41|0x0000000087500000, 0x00000000875a20f0, 0x0000000087600000| 63%| O|  |TAMS 0x00000000875a20f0| PB 0x0000000087500000| Untracked 
|  42|0x0000000087600000, 0x000000008769d238, 0x0000000087700000| 61%| O|  |TAMS 0x000000008769d238| PB 0x0000000087600000| Untracked 
|  43|0x0000000087700000, 0x0000000087700000, 0x0000000087800000|  0%| F|  |TAMS 0x0000000087700000| PB 0x0000000087700000| Untracked 
|  44|0x0000000087800000, 0x0000000087800000, 0x0000000087900000|  0%| F|  |TAMS 0x0000000087800000| PB 0x0000000087800000| Untracked 
|  45|0x0000000087900000, 0x0000000087906cb8, 0x0000000087a00000|  2%| O|  |TAMS 0x0000000087906cb8| PB 0x0000000087900000| Untracked 
|  46|0x0000000087a00000, 0x0000000087a00000, 0x0000000087b00000|  0%| F|  |TAMS 0x0000000087a00000| PB 0x0000000087a00000| Untracked 
|  47|0x0000000087b00000, 0x0000000087b00000, 0x0000000087c00000|  0%| F|  |TAMS 0x0000000087b00000| PB 0x0000000087b00000| Untracked 
|  48|0x0000000087c00000, 0x0000000087c00000, 0x0000000087d00000|  0%| F|  |TAMS 0x0000000087c00000| PB 0x0000000087c00000| Untracked 
|  49|0x0000000087d00000, 0x0000000087d00000, 0x0000000087e00000|  0%| F|  |TAMS 0x0000000087d00000| PB 0x0000000087d00000| Untracked 
|  50|0x0000000087e00000, 0x0000000087e00000, 0x0000000087f00000|  0%| F|  |TAMS 0x0000000087e00000| PB 0x0000000087e00000| Untracked 
|  51|0x0000000087f00000, 0x0000000087f00000, 0x0000000088000000|  0%| F|  |TAMS 0x0000000087f00000| PB 0x0000000087f00000| Untracked 
|  52|0x0000000088000000, 0x0000000088000000, 0x0000000088100000|  0%| F|  |TAMS 0x0000000088000000| PB 0x0000000088000000| Untracked 
|  53|0x0000000088100000, 0x0000000088100000, 0x0000000088200000|  0%| F|  |TAMS 0x0000000088100000| PB 0x0000000088100000| Untracked 
|  54|0x0000000088200000, 0x00000000882bd498, 0x0000000088300000| 73%| S|CS|TAMS 0x0000000088200000| PB 0x0000000088200000| Complete 
|  55|0x0000000088300000, 0x0000000088400000, 0x0000000088400000|100%| S|CS|TAMS 0x0000000088300000| PB 0x0000000088300000| Complete 
|  56|0x0000000088400000, 0x0000000088500000, 0x0000000088500000|100%| S|CS|TAMS 0x0000000088400000| PB 0x0000000088400000| Complete 
|  57|0x0000000088500000, 0x0000000088600000, 0x0000000088600000|100%| S|CS|TAMS 0x0000000088500000| PB 0x0000000088500000| Complete 
|  58|0x0000000088600000, 0x0000000088700000, 0x0000000088700000|100%| S|CS|TAMS 0x0000000088600000| PB 0x0000000088600000| Complete 
|  59|0x0000000088700000, 0x0000000088800000, 0x0000000088800000|100%| S|CS|TAMS 0x0000000088700000| PB 0x0000000088700000| Complete 
|  60|0x0000000088800000, 0x0000000088900000, 0x0000000088900000|100%| S|CS|TAMS 0x0000000088800000| PB 0x0000000088800000| Complete 
|  61|0x0000000088900000, 0x0000000088900000, 0x0000000088a00000|  0%| F|  |TAMS 0x0000000088900000| PB 0x0000000088900000| Untracked 
|  62|0x0000000088a00000, 0x0000000088a00000, 0x0000000088b00000|  0%| F|  |TAMS 0x0000000088a00000| PB 0x0000000088a00000| Untracked 
|  63|0x0000000088b00000, 0x0000000088b00000, 0x0000000088c00000|  0%| F|  |TAMS 0x0000000088b00000| PB 0x0000000088b00000| Untracked 
|  64|0x0000000088c00000, 0x0000000088c00000, 0x0000000088d00000|  0%| F|  |TAMS 0x0000000088c00000| PB 0x0000000088c00000| Untracked 
|  65|0x0000000088d00000, 0x0000000088d00000, 0x0000000088e00000|  0%| F|  |TAMS 0x0000000088d00000| PB 0x0000000088d00000| Untracked 
|  66|0x0000000088e00000, 0x0000000088e00000, 0x0000000088f00000|  0%| F|  |TAMS 0x0000000088e00000| PB 0x0000000088e00000| Untracked 
|  67|0x0000000088f00000, 0x0000000088f00000, 0x0000000089000000|  0%| F|  |TAMS 0x0000000088f00000| PB 0x0000000088f00000| Untracked 
|  68|0x0000000089000000, 0x0000000089000000, 0x0000000089100000|  0%| F|  |TAMS 0x0000000089000000| PB 0x0000000089000000| Untracked 
|  69|0x0000000089100000, 0x0000000089100000, 0x0000000089200000|  0%| F|  |TAMS 0x0000000089100000| PB 0x0000000089100000| Untracked 
|  70|0x0000000089200000, 0x0000000089200000, 0x0000000089300000|  0%| F|  |TAMS 0x0000000089200000| PB 0x0000000089200000| Untracked 
|  71|0x0000000089300000, 0x0000000089300000, 0x0000000089400000|  0%| F|  |TAMS 0x0000000089300000| PB 0x0000000089300000| Untracked 
|  72|0x0000000089400000, 0x0000000089400000, 0x0000000089500000|  0%| F|  |TAMS 0x0000000089400000| PB 0x0000000089400000| Untracked 
|  73|0x0000000089500000, 0x0000000089500000, 0x0000000089600000|  0%| F|  |TAMS 0x0000000089500000| PB 0x0000000089500000| Untracked 
|  74|0x0000000089600000, 0x0000000089600000, 0x0000000089700000|  0%| F|  |TAMS 0x0000000089600000| PB 0x0000000089600000| Untracked 
|  75|0x0000000089700000, 0x0000000089700000, 0x0000000089800000|  0%| F|  |TAMS 0x0000000089700000| PB 0x0000000089700000| Untracked 
|  76|0x0000000089800000, 0x0000000089800000, 0x0000000089900000|  0%| F|  |TAMS 0x0000000089800000| PB 0x0000000089800000| Untracked 
|  77|0x0000000089900000, 0x0000000089900000, 0x0000000089a00000|  0%| F|  |TAMS 0x0000000089900000| PB 0x0000000089900000| Untracked 
|  78|0x0000000089a00000, 0x0000000089a00000, 0x0000000089b00000|  0%| F|  |TAMS 0x0000000089a00000| PB 0x0000000089a00000| Untracked 
|  79|0x0000000089b00000, 0x0000000089b00000, 0x0000000089c00000|  0%| F|  |TAMS 0x0000000089b00000| PB 0x0000000089b00000| Untracked 
|  80|0x0000000089c00000, 0x0000000089c00000, 0x0000000089d00000|  0%| F|  |TAMS 0x0000000089c00000| PB 0x0000000089c00000| Untracked 
|  81|0x0000000089d00000, 0x0000000089d00000, 0x0000000089e00000|  0%| F|  |TAMS 0x0000000089d00000| PB 0x0000000089d00000| Untracked 
|  82|0x0000000089e00000, 0x0000000089e00000, 0x0000000089f00000|  0%| F|  |TAMS 0x0000000089e00000| PB 0x0000000089e00000| Untracked 
|  83|0x0000000089f00000, 0x0000000089f00000, 0x000000008a000000|  0%| F|  |TAMS 0x0000000089f00000| PB 0x0000000089f00000| Untracked 
|  84|0x000000008a000000, 0x000000008a000000, 0x000000008a100000|  0%| F|  |TAMS 0x000000008a000000| PB 0x000000008a000000| Untracked 
|  85|0x000000008a100000, 0x000000008a100000, 0x000000008a200000|  0%| F|  |TAMS 0x000000008a100000| PB 0x000000008a100000| Untracked 
|  86|0x000000008a200000, 0x000000008a200000, 0x000000008a300000|  0%| F|  |TAMS 0x000000008a200000| PB 0x000000008a200000| Untracked 
|  87|0x000000008a300000, 0x000000008a300000, 0x000000008a400000|  0%| F|  |TAMS 0x000000008a300000| PB 0x000000008a300000| Untracked 
|  88|0x000000008a400000, 0x000000008a400000, 0x000000008a500000|  0%| F|  |TAMS 0x000000008a400000| PB 0x000000008a400000| Untracked 
|  89|0x000000008a500000, 0x000000008a500000, 0x000000008a600000|  0%| F|  |TAMS 0x000000008a500000| PB 0x000000008a500000| Untracked 
|  90|0x000000008a600000, 0x000000008a600000, 0x000000008a700000|  0%| F|  |TAMS 0x000000008a600000| PB 0x000000008a600000| Untracked 
|  91|0x000000008a700000, 0x000000008a700000, 0x000000008a800000|  0%| F|  |TAMS 0x000000008a700000| PB 0x000000008a700000| Untracked 
|  92|0x000000008a800000, 0x000000008a800000, 0x000000008a900000|  0%| F|  |TAMS 0x000000008a800000| PB 0x000000008a800000| Untracked 
|  93|0x000000008a900000, 0x000000008a900000, 0x000000008aa00000|  0%| F|  |TAMS 0x000000008a900000| PB 0x000000008a900000| Untracked 
|  94|0x000000008aa00000, 0x000000008aa00000, 0x000000008ab00000|  0%| F|  |TAMS 0x000000008aa00000| PB 0x000000008aa00000| Untracked 
|  95|0x000000008ab00000, 0x000000008ab00000, 0x000000008ac00000|  0%| F|  |TAMS 0x000000008ab00000| PB 0x000000008ab00000| Untracked 
|  96|0x000000008ac00000, 0x000000008ac00000, 0x000000008ad00000|  0%| F|  |TAMS 0x000000008ac00000| PB 0x000000008ac00000| Untracked 
|  97|0x000000008ad00000, 0x000000008ad00000, 0x000000008ae00000|  0%| F|  |TAMS 0x000000008ad00000| PB 0x000000008ad00000| Untracked 
|  98|0x000000008ae00000, 0x000000008ae00000, 0x000000008af00000|  0%| F|  |TAMS 0x000000008ae00000| PB 0x000000008ae00000| Untracked 
|  99|0x000000008af00000, 0x000000008af00000, 0x000000008b000000|  0%| F|  |TAMS 0x000000008af00000| PB 0x000000008af00000| Untracked 
| 100|0x000000008b000000, 0x000000008b000000, 0x000000008b100000|  0%| F|  |TAMS 0x000000008b000000| PB 0x000000008b000000| Untracked 
| 101|0x000000008b100000, 0x000000008b100000, 0x000000008b200000|  0%| F|  |TAMS 0x000000008b100000| PB 0x000000008b100000| Untracked 
| 102|0x000000008b200000, 0x000000008b200000, 0x000000008b300000|  0%| F|  |TAMS 0x000000008b200000| PB 0x000000008b200000| Untracked 
| 103|0x000000008b300000, 0x000000008b300000, 0x000000008b400000|  0%| F|  |TAMS 0x000000008b300000| PB 0x000000008b300000| Untracked 
| 104|0x000000008b400000, 0x000000008b400000, 0x000000008b500000|  0%| F|  |TAMS 0x000000008b400000| PB 0x000000008b400000| Untracked 
| 105|0x000000008b500000, 0x000000008b500000, 0x000000008b600000|  0%| F|  |TAMS 0x000000008b500000| PB 0x000000008b500000| Untracked 
| 106|0x000000008b600000, 0x000000008b600000, 0x000000008b700000|  0%| F|  |TAMS 0x000000008b600000| PB 0x000000008b600000| Untracked 
| 107|0x000000008b700000, 0x000000008b700000, 0x000000008b800000|  0%| F|  |TAMS 0x000000008b700000| PB 0x000000008b700000| Untracked 
| 108|0x000000008b800000, 0x000000008b800000, 0x000000008b900000|  0%| F|  |TAMS 0x000000008b800000| PB 0x000000008b800000| Untracked 
| 109|0x000000008b900000, 0x000000008b900000, 0x000000008ba00000|  0%| F|  |TAMS 0x000000008b900000| PB 0x000000008b900000| Untracked 
| 110|0x000000008ba00000, 0x000000008ba00000, 0x000000008bb00000|  0%| F|  |TAMS 0x000000008ba00000| PB 0x000000008ba00000| Untracked 
| 111|0x000000008bb00000, 0x000000008bb00000, 0x000000008bc00000|  0%| F|  |TAMS 0x000000008bb00000| PB 0x000000008bb00000| Untracked 
| 112|0x000000008bc00000, 0x000000008bc00000, 0x000000008bd00000|  0%| F|  |TAMS 0x000000008bc00000| PB 0x000000008bc00000| Untracked 
| 113|0x000000008bd00000, 0x000000008bd00000, 0x000000008be00000|  0%| F|  |TAMS 0x000000008bd00000| PB 0x000000008bd00000| Untracked 
| 114|0x000000008be00000, 0x000000008be00000, 0x000000008bf00000|  0%| F|  |TAMS 0x000000008be00000| PB 0x000000008be00000| Untracked 
| 115|0x000000008bf00000, 0x000000008bf00000, 0x000000008c000000|  0%| F|  |TAMS 0x000000008bf00000| PB 0x000000008bf00000| Untracked 
| 116|0x000000008c000000, 0x000000008c000000, 0x000000008c100000|  0%| F|  |TAMS 0x000000008c000000| PB 0x000000008c000000| Untracked 
| 117|0x000000008c100000, 0x000000008c100000, 0x000000008c200000|  0%| F|  |TAMS 0x000000008c100000| PB 0x000000008c100000| Untracked 
| 118|0x000000008c200000, 0x000000008c200000, 0x000000008c300000|  0%| F|  |TAMS 0x000000008c200000| PB 0x000000008c200000| Untracked 
| 119|0x000000008c300000, 0x000000008c300000, 0x000000008c400000|  0%| F|  |TAMS 0x000000008c300000| PB 0x000000008c300000| Untracked 
| 120|0x000000008c400000, 0x000000008c400000, 0x000000008c500000|  0%| F|  |TAMS 0x000000008c400000| PB 0x000000008c400000| Untracked 
| 121|0x000000008c500000, 0x000000008c500000, 0x000000008c600000|  0%| F|  |TAMS 0x000000008c500000| PB 0x000000008c500000| Untracked 
| 122|0x000000008c600000, 0x000000008c600000, 0x000000008c700000|  0%| F|  |TAMS 0x000000008c600000| PB 0x000000008c600000| Untracked 
| 123|0x000000008c700000, 0x000000008c700000, 0x000000008c800000|  0%| F|  |TAMS 0x000000008c700000| PB 0x000000008c700000| Untracked 
| 124|0x000000008c800000, 0x000000008c800000, 0x000000008c900000|  0%| F|  |TAMS 0x000000008c800000| PB 0x000000008c800000| Untracked 
| 125|0x000000008c900000, 0x000000008c900000, 0x000000008ca00000|  0%| F|  |TAMS 0x000000008c900000| PB 0x000000008c900000| Untracked 
| 126|0x000000008ca00000, 0x000000008ca00000, 0x000000008cb00000|  0%| F|  |TAMS 0x000000008ca00000| PB 0x000000008ca00000| Untracked 
| 127|0x000000008cb00000, 0x000000008cb00000, 0x000000008cc00000|  0%| F|  |TAMS 0x000000008cb00000| PB 0x000000008cb00000| Untracked 
| 128|0x000000008cc00000, 0x000000008cc00000, 0x000000008cd00000|  0%| F|  |TAMS 0x000000008cc00000| PB 0x000000008cc00000| Untracked 
| 129|0x000000008cd00000, 0x000000008cd00000, 0x000000008ce00000|  0%| F|  |TAMS 0x000000008cd00000| PB 0x000000008cd00000| Untracked 
| 130|0x000000008ce00000, 0x000000008ce00000, 0x000000008cf00000|  0%| F|  |TAMS 0x000000008ce00000| PB 0x000000008ce00000| Untracked 
| 131|0x000000008cf00000, 0x000000008cf00000, 0x000000008d000000|  0%| F|  |TAMS 0x000000008cf00000| PB 0x000000008cf00000| Untracked 
| 132|0x000000008d000000, 0x000000008d000000, 0x000000008d100000|  0%| F|  |TAMS 0x000000008d000000| PB 0x000000008d000000| Untracked 
| 133|0x000000008d100000, 0x000000008d100000, 0x000000008d200000|  0%| F|  |TAMS 0x000000008d100000| PB 0x000000008d100000| Untracked 
| 134|0x000000008d200000, 0x000000008d200000, 0x000000008d300000|  0%| F|  |TAMS 0x000000008d200000| PB 0x000000008d200000| Untracked 
| 135|0x000000008d300000, 0x000000008d300000, 0x000000008d400000|  0%| F|  |TAMS 0x000000008d300000| PB 0x000000008d300000| Untracked 
| 136|0x000000008d400000, 0x000000008d400000, 0x000000008d500000|  0%| F|  |TAMS 0x000000008d400000| PB 0x000000008d400000| Untracked 
| 137|0x000000008d500000, 0x000000008d500000, 0x000000008d600000|  0%| F|  |TAMS 0x000000008d500000| PB 0x000000008d500000| Untracked 
| 138|0x000000008d600000, 0x000000008d600000, 0x000000008d700000|  0%| F|  |TAMS 0x000000008d600000| PB 0x000000008d600000| Untracked 
| 139|0x000000008d700000, 0x000000008d700000, 0x000000008d800000|  0%| F|  |TAMS 0x000000008d700000| PB 0x000000008d700000| Untracked 
| 140|0x000000008d800000, 0x000000008d800000, 0x000000008d900000|  0%| F|  |TAMS 0x000000008d800000| PB 0x000000008d800000| Untracked 
| 141|0x000000008d900000, 0x000000008d900000, 0x000000008da00000|  0%| F|  |TAMS 0x000000008d900000| PB 0x000000008d900000| Untracked 
| 142|0x000000008da00000, 0x000000008da00000, 0x000000008db00000|  0%| F|  |TAMS 0x000000008da00000| PB 0x000000008da00000| Untracked 
| 143|0x000000008db00000, 0x000000008db00000, 0x000000008dc00000|  0%| F|  |TAMS 0x000000008db00000| PB 0x000000008db00000| Untracked 

Card table byte_map: [0x000001dd0cbc0000,0x000001dd0cfa0000] _byte_map_base: 0x000001dd0c79a000

Marking Bits: (CMBitMap*) 0x000001dd7faaf740
 Bits: [0x000001dd0cfa0000, 0x000001dd0ee70000)

Polling page: 0x000001dd7edb0000

Metaspace:

Usage:
  Non-class:     97.63 MB used.
      Class:     14.69 MB used.
       Both:    112.32 MB used.

Virtual space:
  Non-class space:      128.00 MB reserved,      98.50 MB ( 77%) committed,  2 nodes.
      Class space:        1.00 GB reserved,      15.62 MB (  2%) committed,  1 nodes.
             Both:        1.12 GB reserved,     114.12 MB ( 10%) committed. 

Chunk freelists:
   Non-Class:  13.50 MB
       Class:  239.00 KB
        Both:  13.73 MB

MaxMetaspaceSize: unlimited
CompressedClassSpaceSize: 1.00 GB
Initial GC threshold: 21.00 MB
Current GC threshold: 189.38 MB
CDS: on
 - commit_granule_bytes: 65536.
 - commit_granule_words: 8192.
 - virtual_space_node_default_size: 8388608.
 - enlarge_chunks_in_place: 1.
 - use_allocation_guard: 0.


Internal statistics:

num_allocs_failed_limit: 11.
num_arena_births: 2726.
num_arena_deaths: 1406.
num_vsnodes_births: 3.
num_vsnodes_deaths: 0.
num_space_committed: 1826.
num_space_uncommitted: 0.
num_chunks_returned_to_freelist: 1691.
num_chunks_taken_from_freelist: 7946.
num_chunk_merges: 297.
num_chunk_splits: 4826.
num_chunks_enlarged: 3709.
num_inconsistent_stats: 0.

CodeCache: size=49152Kb used=28200Kb max_used=29537Kb free=20952Kb
 bounds [0x000001dd097e0000, 0x000001dd0b520000, 0x000001dd0c7e0000]
 total_blobs=13956 nmethods=13183 adapters=692
 compilation: enabled
              stopped_count=0, restarted_count=0
 full_count=0

Compilation events (20 events):
Event: 3066.008 Thread 0x000001dd11b38c10 22295       1       java.lang.invoke.MemberName::isMethod (8 bytes)
Event: 3066.008 Thread 0x000001dd5f337b40 22296       1       java.lang.invoke.MemberName::getReferenceKind (12 bytes)
Event: 3066.008 Thread 0x000001dd5f5557e0 22297       1       java.lang.invoke.LambdaForm::useCount (61 bytes)
Event: 3066.008 Thread 0x000001dd5f337b40 nmethod 22296 0x000001dd09a3fa10 code [0x000001dd09a3fba0, 0x000001dd09a3fc78]
Event: 3066.008 Thread 0x000001dd11b38c10 nmethod 22295 0x000001dd09a49c10 code [0x000001dd09a49da0, 0x000001dd09a49e88]
Event: 3066.008 Thread 0x000001dd5f337b40 22298       1       java.lang.invoke.InvokerBytecodeGenerator::emitStoreInsn (21 bytes)
Event: 3066.009 Thread 0x000001dd5f5557e0 nmethod 22297 0x000001dd0b1d3f10 code [0x000001dd0b1d40c0, 0x000001dd0b1d4248]
Event: 3066.009 Thread 0x000001dd5f337b40 nmethod 22298 0x000001dd0a1b5790 code [0x000001dd0a1b5940, 0x000001dd0a1b5aa0]
Event: 3067.081 Thread 0x000001dd5f5557e0 22299       1       sun.rmi.transport.DGCImpl::getDGCImpl (4 bytes)
Event: 3067.081 Thread 0x000001dd5f5557e0 nmethod 22299 0x000001dd09a86190 code [0x000001dd09a86320, 0x000001dd09a863d0]
Event: 3070.328 Thread 0x000001dd5f5557e0 22300       1       org.springframework.web.accept.ContentNegotiationManager::<init> (19 bytes)
Event: 3070.328 Thread 0x000001dd11b38c10 22301       1       org.springframework.web.accept.ContentNegotiationManager::<init> (9 bytes)
Event: 3070.328 Thread 0x000001dd5f5557e0 nmethod 22300 0x000001dd099d4210 code [0x000001dd099d43c0, 0x000001dd099d4730]
Event: 3070.328 Thread 0x000001dd11b38c10 nmethod 22301 0x000001dd0b0c1710 code [0x000001dd0b0c18c0, 0x000001dd0b0c1b28]
Event: 3070.336 Thread 0x000001dd5f5557e0 22302       1       org.springframework.expression.spel.standard.InternalSpelExpressionParser::eatPossiblyQualifiedId (185 bytes)
Event: 3070.337 Thread 0x000001dd5f5557e0 nmethod 22302 0x000001dd0b2e2d90 code [0x000001dd0b2e30e0, 0x000001dd0b2e4430]
Event: 3070.403 Thread 0x000001dd11b38c10 22303   !   1       sun.rmi.server.UnicastServerRef::oldDispatch (133 bytes)
Event: 3070.403 Thread 0x000001dd5f5557e0 22304       1       sun.rmi.transport.Transport::currentTransport (10 bytes)
Event: 3070.403 Thread 0x000001dd5f5557e0 nmethod 22304 0x000001dd099f9010 code [0x000001dd099f91c0, 0x000001dd099f92c8]
Event: 3070.404 Thread 0x000001dd11b38c10 nmethod 22303 0x000001dd0aeee310 code [0x000001dd0aeee5c0, 0x000001dd0aeeed58]

GC Heap History (20 events):
Event: 3029.168 GC heap after
{Heap after GC invocations=181 (full 51):
 garbage-first heap   total 147456K, used 42054K [0x0000000084c00000, 0x0000000100000000)
  region size 1024K, 0 young (0K), 0 survivors (0K)
 Metaspace       used 112452K, committed 114112K, reserved 1179648K
  class space    used 14834K, committed 15680K, reserved 1048576K
}
Event: 3030.054 GC heap before
{Heap before GC invocations=181 (full 51):
 garbage-first heap   total 147456K, used 123974K [0x0000000084c00000, 0x0000000100000000)
  region size 1024K, 81 young (82944K), 0 survivors (0K)
 Metaspace       used 112878K, committed 114560K, reserved 1179648K
  class space    used 14868K, committed 15744K, reserved 1048576K
}
Event: 3030.059 GC heap after
{Heap after GC invocations=182 (full 51):
 garbage-first heap   total 147456K, used 48657K [0x0000000084c00000, 0x0000000100000000)
  region size 1024K, 7 young (7168K), 7 survivors (7168K)
 Metaspace       used 112878K, committed 114560K, reserved 1179648K
  class space    used 14868K, committed 15744K, reserved 1048576K
}
Event: 3053.139 GC heap before
{Heap before GC invocations=183 (full 51):
 garbage-first heap   total 147456K, used 51729K [0x0000000084c00000, 0x0000000100000000)
  region size 1024K, 11 young (11264K), 7 survivors (7168K)
 Metaspace       used 112878K, committed 114560K, reserved 1179648K
  class space    used 14868K, committed 15744K, reserved 1048576K
}
Event: 3053.237 GC heap after
{Heap after GC invocations=184 (full 52):
 garbage-first heap   total 147456K, used 42489K [0x0000000084c00000, 0x0000000100000000)
  region size 1024K, 0 young (0K), 0 survivors (0K)
 Metaspace       used 112878K, committed 114560K, reserved 1179648K
  class space    used 14868K, committed 15744K, reserved 1048576K
}
Event: 3056.159 GC heap before
{Heap before GC invocations=184 (full 52):
 garbage-first heap   total 147456K, used 125433K [0x0000000084c00000, 0x0000000100000000)
  region size 1024K, 82 young (83968K), 0 survivors (0K)
 Metaspace       used 113306K, committed 115008K, reserved 1179648K
  class space    used 14904K, committed 15808K, reserved 1048576K
}
Event: 3056.163 GC heap after
{Heap after GC invocations=185 (full 52):
 garbage-first heap   total 147456K, used 49246K [0x0000000084c00000, 0x0000000100000000)
  region size 1024K, 7 young (7168K), 7 survivors (7168K)
 Metaspace       used 113306K, committed 115008K, reserved 1179648K
  class space    used 14904K, committed 15808K, reserved 1048576K
}
Event: 3057.698 GC heap before
{Heap before GC invocations=186 (full 52):
 garbage-first heap   total 147456K, used 50270K [0x0000000084c00000, 0x0000000100000000)
  region size 1024K, 9 young (9216K), 7 survivors (7168K)
 Metaspace       used 113306K, committed 115008K, reserved 1179648K
  class space    used 14904K, committed 15808K, reserved 1048576K
}
Event: 3057.799 GC heap after
{Heap after GC invocations=187 (full 53):
 garbage-first heap   total 147456K, used 42204K [0x0000000084c00000, 0x0000000100000000)
  region size 1024K, 0 young (0K), 0 survivors (0K)
 Metaspace       used 113306K, committed 115008K, reserved 1179648K
  class space    used 14904K, committed 15808K, reserved 1048576K
}
Event: 3060.990 GC heap before
{Heap before GC invocations=187 (full 53):
 garbage-first heap   total 147456K, used 125148K [0x0000000084c00000, 0x0000000100000000)
  region size 1024K, 83 young (84992K), 0 survivors (0K)
 Metaspace       used 113736K, committed 115520K, reserved 1179648K
  class space    used 14938K, committed 15872K, reserved 1048576K
}
Event: 3061.060 GC heap after
{Heap after GC invocations=188 (full 54):
 garbage-first heap   total 147456K, used 42638K [0x0000000084c00000, 0x0000000100000000)
  region size 1024K, 0 young (0K), 0 survivors (0K)
 Metaspace       used 113733K, committed 115520K, reserved 1179648K
  class space    used 14937K, committed 15872K, reserved 1048576K
}
Event: 3065.231 GC heap before
{Heap before GC invocations=188 (full 54):
 garbage-first heap   total 147456K, used 126606K [0x0000000084c00000, 0x0000000100000000)
  region size 1024K, 83 young (84992K), 0 survivors (0K)
 Metaspace       used 114160K, committed 115904K, reserved 1179648K
  class space    used 14972K, committed 15872K, reserved 1048576K
}
Event: 3065.235 GC heap after
{Heap after GC invocations=189 (full 54):
 garbage-first heap   total 147456K, used 49393K [0x0000000084c00000, 0x0000000100000000)
  region size 1024K, 7 young (7168K), 7 survivors (7168K)
 Metaspace       used 114160K, committed 115904K, reserved 1179648K
  class space    used 14972K, committed 15872K, reserved 1048576K
}
Event: 3065.245 GC heap before
{Heap before GC invocations=189 (full 54):
 garbage-first heap   total 147456K, used 49393K [0x0000000084c00000, 0x0000000100000000)
  region size 1024K, 8 young (8192K), 7 survivors (7168K)
 Metaspace       used 114162K, committed 115904K, reserved 1179648K
  class space    used 14972K, committed 15872K, reserved 1048576K
}
Event: 3065.309 GC heap after
{Heap after GC invocations=190 (full 55):
 garbage-first heap   total 147456K, used 42401K [0x0000000084c00000, 0x0000000100000000)
  region size 1024K, 0 young (0K), 0 survivors (0K)
 Metaspace       used 114160K, committed 115904K, reserved 1179648K
  class space    used 14972K, committed 15872K, reserved 1048576K
}
Event: 3067.398 GC heap before
{Heap before GC invocations=190 (full 55):
 garbage-first heap   total 147456K, used 126369K [0x0000000084c00000, 0x0000000100000000)
  region size 1024K, 83 young (84992K), 0 survivors (0K)
 Metaspace       used 114589K, committed 116352K, reserved 1179648K
  class space    used 15007K, committed 15936K, reserved 1048576K
}
Event: 3067.407 GC heap after
{Heap after GC invocations=191 (full 55):
 garbage-first heap   total 147456K, used 49143K [0x0000000084c00000, 0x0000000100000000)
  region size 1024K, 7 young (7168K), 7 survivors (7168K)
 Metaspace       used 114589K, committed 116352K, reserved 1179648K
  class space    used 15007K, committed 15936K, reserved 1048576K
}
Event: 3069.622 GC heap before
{Heap before GC invocations=191 (full 55):
 garbage-first heap   total 147456K, used 51191K [0x0000000084c00000, 0x0000000100000000)
  region size 1024K, 10 young (10240K), 7 survivors (7168K)
 Metaspace       used 114592K, committed 116352K, reserved 1179648K
  class space    used 15007K, committed 15936K, reserved 1048576K
}
Event: 3069.685 GC heap after
{Heap after GC invocations=192 (full 56):
 garbage-first heap   total 147456K, used 42775K [0x0000000084c00000, 0x0000000100000000)
  region size 1024K, 0 young (0K), 0 survivors (0K)
 Metaspace       used 114589K, committed 116352K, reserved 1179648K
  class space    used 15007K, committed 15936K, reserved 1048576K
}
Event: 3073.915 GC heap before
{Heap before GC invocations=192 (full 56):
 garbage-first heap   total 147456K, used 126743K [0x0000000084c00000, 0x0000000100000000)
  region size 1024K, 83 young (84992K), 0 survivors (0K)
 Metaspace       used 115020K, committed 116864K, reserved 1179648K
  class space    used 15044K, committed 16000K, reserved 1048576K
}

Dll operation events (9 events):
Event: 0.011 Loaded shared library C:\Program Files\Java\jdk-21\bin\java.dll
Event: 0.127 Loaded shared library C:\Program Files\Java\jdk-21\bin\jimage.dll
Event: 0.134 Loaded shared library C:\Program Files\Java\jdk-21\bin\net.dll
Event: 0.137 Loaded shared library C:\Program Files\Java\jdk-21\bin\nio.dll
Event: 0.139 Loaded shared library C:\Program Files\Java\jdk-21\bin\zip.dll
Event: 0.203 Loaded shared library C:\Program Files\Java\jdk-21\bin\management.dll
Event: 0.219 Loaded shared library C:\Program Files\Java\jdk-21\bin\management_ext.dll
Event: 0.552 Loaded shared library C:\Program Files\Java\jdk-21\bin\extnet.dll
Event: 1.687 Loaded shared library C:\Program Files\Java\jdk-21\bin\sunmscapi.dll

Deoptimization events (2 events):
Event: 2.623 Thread 0x000001dd57c48d30 DEOPT PACKING pc=0x000001dd0a00c88c sp=0x000000864d3fb8e0
Event: 2.623 Thread 0x000001dd57c48d30 DEOPT UNPACKING pc=0x000001dd09834e42 sp=0x000000864d3fada0 mode 0

Classes loaded (20 events):
Event: 1387.208 Loading class sun/security/ssl/Alert$AlertConsumer
Event: 1387.213 Loading class sun/security/ssl/Alert$AlertConsumer done
Event: 1387.213 Loading class sun/security/ssl/Alert$Level
Event: 1387.215 Loading class sun/security/ssl/Alert$Level done
Event: 1387.226 Loading class sun/net/ConnectionResetException
Event: 1387.228 Loading class sun/net/ConnectionResetException done
Event: 1888.746 Loading class java/util/concurrent/locks/AbstractQueuedSynchronizer$SharedNode
Event: 1888.747 Loading class java/util/concurrent/locks/AbstractQueuedSynchronizer$SharedNode done
Event: 1889.019 Loading class java/lang/ref/Finalizer$2
Event: 1889.020 Loading class java/lang/ref/Finalizer$2 done
Event: 1889.021 Loading class java/lang/ref/Finalizer$1
Event: 1889.021 Loading class java/lang/ref/Finalizer$1 done
Event: 1889.662 Loading class java/time/DurationEditor
Event: 1889.662 Loading class java/time/DurationEditor done
Event: 1890.340 Loading class java/lang/invoke/MethodHandleImpl$CountingWrapper$1
Event: 1890.341 Loading class java/lang/invoke/MethodHandleImpl$CountingWrapper$1 done
Event: 2090.647 Loading class java/util/concurrent/locks/ReentrantReadWriteLock$Sync$HoldCounter
Event: 2090.650 Loading class java/util/concurrent/locks/ReentrantReadWriteLock$Sync$HoldCounter done
Event: 2311.973 Loading class jdk/internal/loader/BootLoader$PackageHelper
Event: 2311.976 Loading class jdk/internal/loader/BootLoader$PackageHelper done

Classes unloaded (20 events):
Event: 2770.804 Thread 0x000001dd11372490 Unloading class 0x000001dd13dba400 'jdk/internal/reflect/GeneratedSerializationConstructorAccessor109'
Event: 2770.804 Thread 0x000001dd11372490 Unloading class 0x000001dd13ed0800 'org/apache/catalina/loader/JdbcLeakPrevention'
Event: 2805.029 Thread 0x000001dd11372490 Unloading class 0x000001dd13ede000 'org/apache/catalina/loader/JdbcLeakPrevention'
Event: 2858.490 Thread 0x000001dd11372490 Unloading class 0x000001dd13ee8000 'org/apache/catalina/loader/JdbcLeakPrevention'
Event: 2862.072 Thread 0x000001dd11372490 Unloading class 0x000001dd13ef4000 'org/apache/catalina/loader/JdbcLeakPrevention'
Event: 2865.402 Thread 0x000001dd11372490 Unloading class 0x000001dd13ef8c00 'org/apache/catalina/loader/JdbcLeakPrevention'
Event: 2870.683 Thread 0x000001dd11372490 Unloading class 0x000001dd13f0c000 'org/apache/catalina/loader/JdbcLeakPrevention'
Event: 2874.829 Thread 0x000001dd11372490 Unloading class 0x000001dd13f1c000 'org/apache/catalina/loader/JdbcLeakPrevention'
Event: 2948.333 Thread 0x000001dd11372490 Unloading class 0x000001dd13f28000 'org/apache/catalina/loader/JdbcLeakPrevention'
Event: 2951.504 Thread 0x000001dd11372490 Unloading class 0x000001dd13f34000 'org/apache/catalina/loader/JdbcLeakPrevention'
Event: 2957.884 Thread 0x000001dd11372490 Unloading class 0x000001dd13f40000 'org/apache/catalina/loader/JdbcLeakPrevention'
Event: 2962.163 Thread 0x000001dd11372490 Unloading class 0x000001dd13f44400 'org/apache/catalina/loader/JdbcLeakPrevention'
Event: 2966.372 Thread 0x000001dd11372490 Unloading class 0x000001dd13f58000 'org/apache/catalina/loader/JdbcLeakPrevention'
Event: 2971.072 Thread 0x000001dd11372490 Unloading class 0x000001dd13f64c00 'org/apache/catalina/loader/JdbcLeakPrevention'
Event: 3003.559 Thread 0x000001dd11372490 Unloading class 0x000001dd13f64c00 'org/apache/catalina/loader/JdbcLeakPrevention'
Event: 3030.081 Thread 0x000001dd11372490 Unloading class 0x000001dd13f64c00 'org/apache/catalina/loader/JdbcLeakPrevention'
Event: 3056.190 Thread 0x000001dd11372490 Unloading class 0x000001dd13f64c00 'org/apache/catalina/loader/JdbcLeakPrevention'
Event: 3061.010 Thread 0x000001dd11372490 Unloading class 0x000001dd13f64c00 'org/apache/catalina/loader/JdbcLeakPrevention'
Event: 3065.260 Thread 0x000001dd11372490 Unloading class 0x000001dd13fa0000 'org/apache/catalina/loader/JdbcLeakPrevention'
Event: 3069.639 Thread 0x000001dd11372490 Unloading class 0x000001dd13fac000 'org/apache/catalina/loader/JdbcLeakPrevention'

Classes redefined (0 events):
No events

Internal exceptions (20 events):
Event: 3060.984 Thread 0x000001dd5a7ab5c0 Exception <a 'java/net/SocketException'{0x00000000889bfec8}: Connection reset by peer: shutdown> (0x00000000889bfec8) 
thrown [s\open\src\hotspot\share\prims\jni.cpp, line 539]
Event: 3060.985 Thread 0x000001dd5a7ab5c0 Exception <a 'java/net/SocketException'{0x00000000889c14d8}: Connection reset by peer: shutdown> (0x00000000889c14d8) 
thrown [s\open\src\hotspot\share\prims\jni.cpp, line 539]
Event: 3060.990 Thread 0x000001dd5f241a40 Exception <a 'java/lang/InterruptedException'{0x00000000889f9538}: sleep interrupted> (0x00000000889f9538) 
thrown [s\open\src\hotspot\share\prims\jvm.cpp, line 3074]
Event: 3061.068 Thread 0x000001dd5a7aa8a0 Exception <a 'sun/nio/fs/WindowsException'{0x000000008dba1150}> (0x000000008dba1150) 
thrown [s\open\src\hotspot\share\prims\jni.cpp, line 520]
Event: 3061.373 Thread 0x000001dd5a7aa8a0 Exception <a 'java/io/FileNotFoundException'{0x000000008b70a238}> (0x000000008b70a238) 
thrown [s\open\src\hotspot\share\prims\jni.cpp, line 520]
Event: 3061.398 Thread 0x000001dd5a7aa8a0 Exception <a 'java/io/FileNotFoundException'{0x000000008b52fee0}> (0x000000008b52fee0) 
thrown [s\open\src\hotspot\share\prims\jni.cpp, line 520]
Event: 3061.703 Thread 0x000001dd5a7aa8a0 Exception <a 'java/lang/NoClassDefFoundError'{0x0000000088f92f18}: org/springframework/data/util/TypeInformation> (0x0000000088f92f18) 
thrown [s\open\src\hotspot\share\classfile\systemDictionary.cpp, line 301]
Event: 3065.238 Thread 0x000001dd5f23f970 Exception <a 'java/io/IOException'{0x000000008db41618}> (0x000000008db41618) 
thrown [s\open\src\hotspot\share\prims\jni.cpp, line 520]
Event: 3065.239 Thread 0x000001dd5f23f970 Exception <a 'java/io/IOException'{0x000000008db45e88}> (0x000000008db45e88) 
thrown [s\open\src\hotspot\share\prims\jni.cpp, line 520]
Event: 3065.245 Thread 0x000001dd5a7aaf30 Exception <a 'java/lang/InterruptedException'{0x000000008db73088}: sleep interrupted> (0x000000008db73088) 
thrown [s\open\src\hotspot\share\prims\jvm.cpp, line 3074]
Event: 3065.320 Thread 0x000001dd5f23f2e0 Exception <a 'sun/nio/fs/WindowsException'{0x000000008dba9d28}> (0x000000008dba9d28) 
thrown [s\open\src\hotspot\share\prims\jni.cpp, line 520]
Event: 3065.605 Thread 0x000001dd5f23f2e0 Exception <a 'java/io/FileNotFoundException'{0x000000008b7351d8}> (0x000000008b7351d8) 
thrown [s\open\src\hotspot\share\prims\jni.cpp, line 520]
Event: 3065.634 Thread 0x000001dd5f23f2e0 Exception <a 'java/io/FileNotFoundException'{0x000000008b55aa18}> (0x000000008b55aa18) 
thrown [s\open\src\hotspot\share\prims\jni.cpp, line 520]
Event: 3066.037 Thread 0x000001dd5f23f2e0 Exception <a 'java/lang/NoClassDefFoundError'{0x0000000088e6da40}: org/springframework/data/util/TypeInformation> (0x0000000088e6da40) 
thrown [s\open\src\hotspot\share\classfile\systemDictionary.cpp, line 301]
Event: 3069.617 Thread 0x000001dd5a7a94f0 Exception <a 'java/io/IOException'{0x000000008d906138}> (0x000000008d906138) 
thrown [s\open\src\hotspot\share\prims\jni.cpp, line 520]
Event: 3069.622 Thread 0x000001dd5f240690 Exception <a 'java/lang/InterruptedException'{0x000000008d939148}: sleep interrupted> (0x000000008d939148) 
thrown [s\open\src\hotspot\share\prims\jvm.cpp, line 3074]
Event: 3069.694 Thread 0x000001dd5a7aa8a0 Exception <a 'sun/nio/fs/WindowsException'{0x000000008dbae5e0}> (0x000000008dbae5e0) 
thrown [s\open\src\hotspot\share\prims\jni.cpp, line 520]
Event: 3069.980 Thread 0x000001dd5a7aa8a0 Exception <a 'java/io/FileNotFoundException'{0x000000008b734cb0}> (0x000000008b734cb0) 
thrown [s\open\src\hotspot\share\prims\jni.cpp, line 520]
Event: 3070.004 Thread 0x000001dd5a7aa8a0 Exception <a 'java/io/FileNotFoundException'{0x000000008b559c28}> (0x000000008b559c28) 
thrown [s\open\src\hotspot\share\prims\jni.cpp, line 520]
Event: 3070.388 Thread 0x000001dd5a7aa8a0 Exception <a 'java/lang/NoClassDefFoundError'{0x0000000088e4ee80}: org/springframework/data/util/TypeInformation> (0x0000000088e4ee80) 
thrown [s\open\src\hotspot\share\classfile\systemDictionary.cpp, line 301]

ZGC Phase Switch (0 events):
No events

VM Operations (20 events):
Event: 3058.811 Executing VM operation: Cleanup done
Event: 3060.990 Executing VM operation: G1CollectFull (System.gc())
Event: 3061.060 Executing VM operation: G1CollectFull (System.gc()) done
Event: 3062.067 Executing VM operation: Cleanup
Event: 3062.067 Executing VM operation: Cleanup done
Event: 3065.231 Executing VM operation: G1CollectForAllocation (G1 Evacuation Pause)
Event: 3065.235 Executing VM operation: G1CollectForAllocation (G1 Evacuation Pause) done
Event: 3065.245 Executing VM operation: G1CollectFull (System.gc())
Event: 3065.309 Executing VM operation: G1CollectFull (System.gc()) done
Event: 3066.313 Executing VM operation: Cleanup
Event: 3066.313 Executing VM operation: Cleanup done
Event: 3067.130 Executing VM operation: HandshakeAllThreads (HandshakeForDeflation)
Event: 3067.130 Executing VM operation: HandshakeAllThreads (HandshakeForDeflation) done
Event: 3067.130 Executing VM operation: RendezvousGCThreads
Event: 3067.130 Executing VM operation: RendezvousGCThreads done
Event: 3067.398 Executing VM operation: G1CollectForAllocation (G1 Evacuation Pause)
Event: 3067.408 Executing VM operation: G1CollectForAllocation (G1 Evacuation Pause) done
Event: 3069.622 Executing VM operation: G1CollectFull (System.gc())
Event: 3069.685 Executing VM operation: G1CollectFull (System.gc()) done
Event: 3073.915 Executing VM operation: G1CollectForAllocation (G1 Evacuation Pause)

Events (20 events):
Event: 3070.175 Thread 0x000001dd5a7af0d0 Thread added: 0x000001dd5a7af0d0
Event: 3070.383 Thread 0x000001dd5a7afdf0 Thread added: 0x000001dd5a7afdf0
Event: 3070.395 Thread 0x000001dd5a7b0480 Thread added: 0x000001dd5a7b0480
Event: 3070.395 Thread 0x000001dd5f2413b0 Thread added: 0x000001dd5f2413b0
Event: 3070.395 Thread 0x000001dd5f240d20 Thread added: 0x000001dd5f240d20
Event: 3070.395 Thread 0x000001dd5f23ec50 Thread added: 0x000001dd5f23ec50
Event: 3070.395 Thread 0x000001dd5f240690 Thread added: 0x000001dd5f240690
Event: 3070.395 Thread 0x000001dd5f241a40 Thread added: 0x000001dd5f241a40
Event: 3070.395 Thread 0x000001dd5f242760 Thread added: 0x000001dd5f242760
Event: 3070.395 Thread 0x000001dd5f23f2e0 Thread added: 0x000001dd5f23f2e0
Event: 3070.395 Thread 0x000001dd5f242df0 Thread added: 0x000001dd5f242df0
Event: 3070.395 Thread 0x000001dd5f23f970 Thread added: 0x000001dd5f23f970
Event: 3070.399 Thread 0x000001dd5f240000 Thread added: 0x000001dd5f240000
Event: 3070.399 Thread 0x000001dd5f244ec0 Thread added: 0x000001dd5f244ec0
Event: 3070.402 Thread 0x000001dd5f245be0 Thread added: 0x000001dd5f245be0
Event: 3070.402 Thread 0x000001dd5f243480 Thread added: 0x000001dd5f243480
Event: 3070.404 Thread 0x000001dd5a7aa8a0 Thread exited: 0x000001dd5a7aa8a0
Event: 3070.404 Thread 0x000001dd5a7add20 Thread exited: 0x000001dd5a7add20
Event: 3070.405 Thread 0x000001dd5f245be0 Thread exited: 0x000001dd5f245be0
Event: 3071.428 Thread 0x000001dd5f243480 Thread exited: 0x000001dd5f243480


Dynamic libraries:
0x00007ff786d90000 - 0x00007ff786da0000 	C:\Program Files\Java\jdk-21\bin\javaw.exe
0x00007ff85f300000 - 0x00007ff85f567000 	C:\WINDOWS\SYSTEM32\ntdll.dll
0x00007ff85d090000 - 0x00007ff85d159000 	C:\WINDOWS\System32\KERNEL32.DLL
0x00007ff85c9e0000 - 0x00007ff85cdd4000 	C:\WINDOWS\System32\KERNELBASE.dll
0x00007ff85c5b0000 - 0x00007ff85c6fb000 	C:\WINDOWS\System32\ucrtbase.dll
0x00007ff80d290000 - 0x00007ff80d2ab000 	C:\Program Files\Java\jdk-21\bin\VCRUNTIME140.dll
0x00007ff810210000 - 0x00007ff810229000 	C:\Program Files\Java\jdk-21\bin\jli.dll
0x00007ff85ec70000 - 0x00007ff85ed26000 	C:\WINDOWS\System32\ADVAPI32.dll
0x00007ff85f210000 - 0x00007ff85f2b9000 	C:\WINDOWS\System32\msvcrt.dll
0x00007ff85d160000 - 0x00007ff85d207000 	C:\WINDOWS\System32\sechost.dll
0x00007ff85e190000 - 0x00007ff85e2a8000 	C:\WINDOWS\System32\RPCRT4.dll
0x00007ff85ed30000 - 0x00007ff85eef5000 	C:\WINDOWS\System32\USER32.dll
0x00007ff85c9b0000 - 0x00007ff85c9d7000 	C:\WINDOWS\System32\win32u.dll
0x00007ff85da10000 - 0x00007ff85da3b000 	C:\WINDOWS\System32\GDI32.dll
0x00007ff85cf60000 - 0x00007ff85d08a000 	C:\WINDOWS\System32\gdi32full.dll
0x00007ff85bbd0000 - 0x00007ff85bc73000 	C:\WINDOWS\System32\msvcp_win.dll
0x00007ff8425f0000 - 0x00007ff842883000 	C:\WINDOWS\WinSxS\amd64_microsoft.windows.common-controls_6595b64144ccf1df_6.0.26100.8115_none_3e075c82e3354f9c\COMCTL32.dll
0x00007ff84cb50000 - 0x00007ff84cb5b000 	C:\WINDOWS\SYSTEM32\VERSION.dll
0x00007ff85e150000 - 0x00007ff85e182000 	C:\WINDOWS\System32\IMM32.DLL
0x00007ff832800000 - 0x00007ff83280c000 	C:\Program Files\Java\jdk-21\bin\vcruntime140_1.dll
0x00007fffd4410000 - 0x00007fffd449e000 	C:\Program Files\Java\jdk-21\bin\msvcp140.dll
0x00007fffc62d0000 - 0x00007fffc6fea000 	C:\Program Files\Java\jdk-21\bin\server\jvm.dll
0x00007ff85ead0000 - 0x00007ff85eb50000 	C:\WINDOWS\System32\WS2_32.dll
0x00007ff85ba50000 - 0x00007ff85baae000 	C:\WINDOWS\SYSTEM32\POWRPROF.dll
0x00007ff852680000 - 0x00007ff8526b6000 	C:\WINDOWS\SYSTEM32\WINMM.dll
0x00007ff85ba30000 - 0x00007ff85ba44000 	C:\WINDOWS\SYSTEM32\UMPDC.dll
0x00007ff85a920000 - 0x00007ff85a93b000 	C:\WINDOWS\SYSTEM32\kernel.appcore.dll
0x00007ff858c40000 - 0x00007ff858c4a000 	C:\Program Files\Java\jdk-21\bin\jimage.dll
0x00007ff859b80000 - 0x00007ff859dc2000 	C:\WINDOWS\SYSTEM32\DBGHELP.DLL
0x00007ff85dbe0000 - 0x00007ff85df62000 	C:\WINDOWS\System32\combase.dll
0x00007ff85e910000 - 0x00007ff85e9e7000 	C:\WINDOWS\System32\OLEAUT32.dll
0x00007ff83c8c0000 - 0x00007ff83c8fb000 	C:\WINDOWS\SYSTEM32\dbgcore.DLL
0x00007ff85c700000 - 0x00007ff85c7a5000 	C:\WINDOWS\System32\bcryptPrimitives.dll
0x00007ff8412e0000 - 0x00007ff8412ff000 	C:\Program Files\Java\jdk-21\bin\java.dll
0x00007ff85d210000 - 0x00007ff85d976000 	C:\WINDOWS\System32\SHELL32.dll
0x00007ff85c7b0000 - 0x00007ff85c91a000 	C:\WINDOWS\System32\wintypes.dll
0x00007ff85bc80000 - 0x00007ff85c4e5000 	C:\WINDOWS\System32\windows.storage.dll
0x00007ff85eb60000 - 0x00007ff85ec57000 	C:\WINDOWS\System32\SHCORE.dll
0x00007ff85e2b0000 - 0x00007ff85e316000 	C:\WINDOWS\System32\shlwapi.dll
0x00007ff85baf0000 - 0x00007ff85bb19000 	C:\WINDOWS\SYSTEM32\profapi.dll
0x00007ff855e20000 - 0x00007ff855e30000 	C:\Program Files\Java\jdk-21\bin\net.dll
0x00007ff8557a0000 - 0x00007ff8558cd000 	C:\WINDOWS\SYSTEM32\WINHTTP.dll
0x00007ff85ae80000 - 0x00007ff85aeec000 	C:\WINDOWS\system32\mswsock.dll
0x00007ff83c4f0000 - 0x00007ff83c506000 	C:\Program Files\Java\jdk-21\bin\nio.dll
0x00007ff83bfe0000 - 0x00007ff83bff8000 	C:\Program Files\Java\jdk-21\bin\zip.dll
0x00007ff855e10000 - 0x00007ff855e1a000 	C:\Program Files\Java\jdk-21\bin\management.dll
0x00007ff841290000 - 0x00007ff84129b000 	C:\Program Files\Java\jdk-21\bin\management_ext.dll
0x00007ff85ef00000 - 0x00007ff85ef08000 	C:\WINDOWS\System32\PSAPI.DLL
0x00007ff835d50000 - 0x00007ff835d68000 	C:\WINDOWS\system32\napinsp.dll
0x00007ff85a340000 - 0x00007ff85a472000 	C:\WINDOWS\SYSTEM32\DNSAPI.dll
0x00007ff85a300000 - 0x00007ff85a332000 	C:\WINDOWS\SYSTEM32\IPHLPAPI.DLL
0x00007ff85ec60000 - 0x00007ff85ec6a000 	C:\WINDOWS\System32\NSI.dll
0x00007ff832680000 - 0x00007ff832693000 	C:\WINDOWS\System32\winrnr.dll
0x00007ff835600000 - 0x00007ff835622000 	C:\WINDOWS\system32\nlansp_c.dll
0x00007ff832630000 - 0x00007ff832646000 	C:\WINDOWS\system32\wshbth.dll
0x00007ff854b50000 - 0x00007ff854b5b000 	C:\Windows\System32\rasadhlp.dll
0x00007ff8569e0000 - 0x00007ff856a66000 	C:\WINDOWS\System32\fwpuclnt.dll
0x00007ff85b120000 - 0x00007ff85b13b000 	C:\WINDOWS\SYSTEM32\CRYPTSP.dll
0x00007ff85a880000 - 0x00007ff85a8b9000 	C:\WINDOWS\system32\rsaenh.dll
0x00007ff85af30000 - 0x00007ff85af63000 	C:\WINDOWS\SYSTEM32\USERENV.dll
0x00007ff85bac0000 - 0x00007ff85baea000 	C:\WINDOWS\SYSTEM32\bcrypt.dll
0x00007ff85b110000 - 0x00007ff85b11c000 	C:\WINDOWS\SYSTEM32\CRYPTBASE.dll
0x00007ff82d1d0000 - 0x00007ff82d1d9000 	C:\Program Files\Java\jdk-21\bin\extnet.dll
0x00007ff84dac0000 - 0x00007ff84dace000 	C:\Program Files\Java\jdk-21\bin\sunmscapi.dll
0x00007ff85cde0000 - 0x00007ff85cf57000 	C:\WINDOWS\System32\CRYPT32.dll
0x00007ff85b3d0000 - 0x00007ff85b400000 	C:\WINDOWS\SYSTEM32\ncrypt.dll
0x00007ff85b380000 - 0x00007ff85b3bf000 	C:\WINDOWS\SYSTEM32\NTASN1.dll
0x00007ff845420000 - 0x00007ff845428000 	C:\WINDOWS\system32\wshunix.dll

dbghelp: loaded successfully - version: 4.0.5 - missing functions: none
symbol engine: initialized successfully - sym options: 0x614 - pdb path: .;C:\Program Files\Java\jdk-21\bin;C:\WINDOWS\SYSTEM32;C:\WINDOWS\WinSxS\amd64_microsoft.windows.common-controls_6595b64144ccf1df_6.0.26100.8115_none_3e075c82e3354f9c;C:\Program Files\Java\jdk-21\bin\server

VM Arguments:
jvm_args: -Dcom.sun.management.jmxremote -Dcom.sun.management.jmxremote.port=55046 -Dcom.sun.management.jmxremote.authenticate=false -Dcom.sun.management.jmxremote.ssl=false -Djava.rmi.server.hostname=localhost -Dspring.jmx.enabled=true -Dmanagement.endpoints.jmx.exposure.include=* -Dspring.application.admin.enabled=true -Dspring.output.ansi.enabled=always -XX:TieredStopAtLevel=1 -Dspring.boot.project.name=StudentActivitiesManagement -Dfile.encoding=UTF-8 -Dstdout.encoding=UTF-8 -Dstderr.encoding=UTF-8 -XX:+ShowCodeDetailsInExceptionMessages 
java_command: com.klef.fsad.sdp.StudentActivitiesManagementApplication
java_class_path (initial): C:\Users\Tejas\OneDrive\2-2\FSAD PRAC\FSADDEMOWORKSPACE\StudentActivitiesManagement\target\classes;C:\Users\Tejas\.m2\repository\org\springframework\boot\spring-boot-starter-data-jpa\4.0.5\spring-boot-starter-data-jpa-4.0.5.jar;C:\Users\Tejas\.m2\repository\org\springframework\boot\spring-boot-starter\4.0.5\spring-boot-starter-4.0.5.jar;C:\Users\Tejas\.m2\repository\org\springframework\boot\spring-boot-starter-logging\4.0.5\spring-boot-starter-logging-4.0.5.jar;C:\Users\Tejas\.m2\repository\ch\qos\logback\logback-classic\1.5.32\logback-classic-1.5.32.jar;C:\Users\Tejas\.m2\repository\ch\qos\logback\logback-core\1.5.32\logback-core-1.5.32.jar;C:\Users\Tejas\.m2\repository\org\apache\logging\log4j\log4j-to-slf4j\2.25.3\log4j-to-slf4j-2.25.3.jar;C:\Users\Tejas\.m2\repository\org\apache\logging\log4j\log4j-api\2.25.3\log4j-api-2.25.3.jar;C:\Users\Tejas\.m2\repository\org\slf4j\jul-to-slf4j\2.0.17\jul-to-slf4j-2.0.17.jar;C:\Users\Tejas\.m2\repository\jakarta\annotation\jakarta.annotation-api\3.0.0\jakarta.annotation-api-3.0.0.jar;C:\Users\Tejas\.m2\repository\org\yaml\snakeyaml\2.5\snakeyaml-2.5.jar;C:\Users\Tejas\.m2\repository\org\springframework\boot\spring-boot-starter-jdbc\4.0.5\spring-boot-starter-jdbc-4.0.5.jar;C:\Users\Tejas\.m2\repository\com\zaxxer\HikariCP\7.0.2\HikariCP-7.0.2.jar;C:\Users\Tejas\.m2\repository\org\slf4j\slf4j-api\2.0.17\slf4j-api-2.0.17.jar;C:\Users\Tejas\.m2\repository\org\springframework\boot\spring-boot-data-jpa\4.0.5\spring-boot-data-jpa-4.0.5.jar;C:\Users\Tejas\.m2\repository\org\springframework\boot\spring-boot-data-commons\4.0.5\spring-boot-data-commons-4.0.5.jar;C:\Users\Tejas\.m2\repository\org\springframework\boot\spring-boot-persistence\4.0.5\spring-boot-persistence-4.0.5.jar;C:\Users\Tejas\.m2\repository\org\springframework\data\spring-data-commons\4.0.4\spring-data-commons-4.0.4.jar;C:\Users\Tejas\.m2\repository\org\springframework\boot\spring-boot-hibernate\4.0.5\spring-boot-hibernate-4.0.5.jar;C:\Users\Tejas\.m2\repository\org\springframework\boot\spring-boot-jpa\4.0.5\spring-boot-jpa-4.0.5.jar;C:\Users\Tejas\.m2\repository\jakarta\persistence\jakarta.persistence-api\3.2.0\jakarta.persistence-api-3.2.0.jar;C:\Users\Tejas\.m2\repository\org\hibernate\orm\hibernate-core\7.2.7.Final\hibernate-core-7.2.7.Final.jar;C:\Users\Tejas\.m2\repository\jakarta\transaction\jakarta.transaction-api\2.0.1\jakarta.transaction-api-2.0.1.jar;C:\Users\Tejas\.m2\repository\org\jboss\logging\jboss-logging\3.6.3.Final\jboss-logging-3.6.3.Final.jar;C:\Users\Tejas\.m2\repository\org\hibernate\models\hibernate-models\1.0.1\hibernate-models-1.0.1.jar;C:\Users\Tejas\.m2\repository\com\fasterxml\classmate\1.7.3\classmate-1.7.3.jar;C:\Users\Tejas\.m2\repository\org\glassfish\jaxb\jaxb-runtime\4.0.6\jaxb-runtime-4.0.6.jar;C:\Users\Tejas\.m2\repository\org\glassfish\jaxb\jaxb-core\4.0.6\jaxb-core-4.0.6.jar;C:\Users\Tejas\.m2\repository\org\glassfish\jaxb\txw2\4.0.6\txw2-4.0.6.jar;C:\Users\Tejas\.m2\repository\com\sun\istack\istack-commons-runtime\4.1.2\istack-commons-runtime-4.1.2.jar;C:\Users\Tejas\.m2\repository\jakarta\inject\jakarta.inject-api\2.0.1\jakarta.inject-api-2.0.1.jar;C:\Users\Tejas\.m2\repository\org\springframework\spring-orm\7.0.6\spring-orm-7.0.6.jar;C:\Users\Tejas\.m2\repository\org\springframework\data\spring-data-jpa\4.0.4\spring-data-jpa-4.0.4.jar;C:\Users\Tejas\.m2\repository\org\springframework\spring-aop\7.0.6\spring-aop-7.0.6.jar;C:\Users\Tejas\.m2\repository\org\springframework\spring-tx\7.0.6\spring-tx-7.0.6.jar;C:\Users\Tejas\.m2\repository\org\springframework\spring-beans\7.0.6\spring-beans-7.0.6.jar;C:\Users\Tejas\.m2\repository\org\antlr\antlr4-runtime\4.13.2\antlr4-runtime-4.13.2.jar;C:\Users\Tejas\.m2\repository\org\springframework\spring-aspects\7.0.6\spring-aspects-7.0.6.jar;C:\Users\Tejas\.m2\repository\org\aspectj\aspectjweaver\1.9.25.1\aspectjweaver-1.9.25.1.jar;C:\Users\Tejas\.m2\repository\org\springframework\boot\spring-boot-jdbc\4.0.5\spring-boot-jdbc-4.0.5.jar;C:\Users\Tejas\.m2\repository\org\springframework\boot\spring-boot-sql\4.0.5\spring-boot-sql-4.0.5.jar;C:\Users\Tejas\.m2\repository\org\springframework\boot\spring-boot-transaction\4.0.5\spring-boot-transaction-4.0.5.jar;C:\Users\Tejas\.m2\repository\org\springframework\spring-jdbc\7.0.6\spring-jdbc-7.0.6.jar;C:\Users\Tejas\.m2\repository\org\springframework\boot\spring-boot-starter-mail\4.0.5\spring-boot-starter-mail-4.0.5.jar;C:\Users\Tejas\.m2\repository\org\springframework\boot\spring-boot-mail\4.0.5\spring-boot-mail-4.0.5.jar;C:\Users\Tejas\.m2\repository\org\springframework\spring-context-support\7.0.6\spring-context-support-7.0.6.jar;C:\Users\Tejas\.m2\repository\jakarta\mail\jakarta.mail-api\2.1.5\jakarta.mail-api-2.1.5.jar;C:\Users\Tejas\.m2\repository\jakarta\activation\jakarta.activation-api\2.1.4\jakarta.activation-api-2.1.4.jar;C:\Users\Tejas\.m2\repository\org\eclipse\angus\angus-mail\2.0.5\angus-mail-2.0.5.jar;C:\Users\Tejas\.m2\repository\org\eclipse\angus\angus-activation\2.0.3\angus-activation-2.0.3.jar;C:\Users\Tejas\.m2\repository\org\springframework\boot\spring-boot-starter-webmvc\4.0.5\spring-boot-starter-webmvc-4.0.5.jar;C:\Users\Tejas\.m2\repository\org\springframework\boot\spring-boot-starter-jackson\4.0.5\spring-boot-starter-jackson-4.0.5.jar;C:\Users\Tejas\.m2\repository\org\springframework\boot\spring-boot-jackson\4.0.5\spring-boot-jackson-4.0.5.jar;C:\Users\Tejas\.m2\repository\tools\jackson\core\jackson-databind\3.1.0\jackson-databind-3.1.0.jar;C:\Users\Tejas\.m2\repository\com\fasterxml\jackson\core\jackson-annotations\2.21\jackson-annotations-2.21.jar;C:\Users\Tejas\.m2\repository\tools\jackson\core\jackson-core\3.1.0\jackson-core-3.1.0.jar;C:\Users\Tejas\.m2\repository\org\springframework\boot\spring-boot-starter-tomcat\4.0.5\spring-boot-starter-tomcat-4.0.5.jar;C:\Users\Tejas\.m2\repository\org\springframework\boot\spring-boot-starter-tomcat-runtime\4.0.5\spring-boot-starter-tomcat-runtime-4.0.5.jar;C:\Users\Tejas\.m2\repository\org\apache\tomcat\embed\tomcat-embed-core\11.0.20\tomcat-embed-core-11.0.20.jar;C:\Users\Tejas\.m2\repository\org\apache\tomcat\embed\tomcat-embed-el\11.0.20\tomcat-embed-el-11.0.20.jar;C:\Users\Tejas\.m2\repository\org\apache\tomcat\embed\tomcat-embed-websocket\11.0.20\tomcat-embed-websocket-11.0.20.jar;C:\Users\Tejas\.m2\repository\org\springframework\boot\spring-boot-tomcat\4.0.5\spring-boot-tomcat-4.0.5.jar;C:\Users\Tejas\.m2\repository\org\springframework\boot\spring-boot-http-converter\4.0.5\spring-boot-http-converter-4.0.5.jar;C:\Users\Tejas\.m2\repository\org\springframework\spring-web\7.0.6\spring-web-7.0.6.jar;C:\Users\Tejas\.m2\repository\io\micrometer\micrometer-observation\1.16.4\micrometer-observation-1.16.4.jar;C:\Users\Tejas\.m2\repository\io\micrometer\micrometer-commons\1.16.4\micrometer-commons-1.16.4.jar;C:\Users\Tejas\.m2\repository\org\springframework\boot\spring-boot-webmvc\4.0.5\spring-boot-webmvc-4.0.5.jar;C:\Users\Tejas\.m2\repository\org\springframework\boot\spring-boot-servlet\4.0.5\spring-boot-servlet-4.0.5.jar;C:\Users\Tejas\.m2\repository\org\springframework\spring-webmvc\7.0.6\spring-webmvc-7.0.6.jar;C:\Users\Tejas\.m2\repository\org\springframework\spring-expression\7.0.6\spring-expression-7.0.6.jar;C:\Users\Tejas\.m2\repository\org\springframework\boot\spring-boot-devtools\4.0.5\spring-boot-devtools-4.0.5.jar;C:\Users\Tejas\.m2\repository\org\springframework\boot\spring-boot\4.0.5\spring-boot-4.0.5.jar;C:\Users\Tejas\.m2\repository\org\springframework\spring-core\7.0.6\spring-core-7.0.6.jar;C:\Users\Tejas\.m2\repository\commons-logging\commons-logging\1.3.6\commons-logging-1.3.6.jar;C:\Users\Tejas\.m2\repository\org\jspecify\jspecify\1.0.0\jspecify-1.0.0.jar;C:\Users\Tejas\.m2\repository\org\springframework\spring-context\7.0.6\spring-context-7.0.6.jar;C:\Users\Tejas\.m2\repository\org\springframework\boot\spring-boot-autoconfigure\4.0.5\spring-boot-autoconfigure-4.0.5.jar;C:\Users\Tejas\.m2\repository\com\mysql\mysql-connector-j\9.6.0\mysql-connector-j-9.6.0.jar;C:\Users\Tejas\.m2\repository\org\projectlombok\lombok\1.18.44\lombok-1.18.44.jar;C:\Users\Tejas\.m2\repository\jakarta\xml\bind\jakarta.xml.bind-api\4.0.4\jakarta.xml.bind-api-4.0.4.jar;C:\Users\Tejas\.m2\repository\net\bytebuddy\byte-buddy\1.17.8\byte-buddy-1.17.8.jar;C:\Users\Tejas\.m2\repository\org\springframework\boot\spring-boot-web-server\4.0.5\spring-boot-web-server-4.0.5.jar;C:\Users\Tejas\.m2\repository\org\springdoc\springdoc-openapi-starter-webmvc-ui\2.5.0\springdoc-openapi-starter-webmvc-ui-2.5.0.jar;C:\Users\Tejas\.m2\repository\org\springdoc\springdoc-openapi-starter-webmvc-api\2.5.0\springdoc-openapi-starter-webmvc-api-2.5.0.jar;C:\Users\Tejas\.m2\repository\org\springdoc\springdoc-openapi-starter-common\2.5.0\springdoc-openapi-starter-common-2.5.0.jar;C:\Users\Tejas\.m2\repository\io\swagger\core\v3\swagger-core-jakarta\2.2.21\swagger-core-jakarta-2.2.21.jar;C:\Users\Tejas\.m2\repository\org\apache\commons\commons-lang3\3.19.0\commons-lang3-3.19.0.jar;C:\Users\Tejas\.m2\repository\io\swagger\core\v3\swagger-annotations-jakarta\2.2.21\swagger-annotations-jakarta-2.2.21.jar;C:\Users\Tejas\.m2\repository\io\swagger\core\v3\swagger-models-jakarta\2.2.21\swagger-models-jakarta-2.2.21.jar;C:\Users\Tejas\.m2\repository\jakarta\validation\jakarta.validation-api\3.1.1\jakarta.validation-api-3.1.1.jar;C:\Users\Tejas\.m2\repository\com\fasterxml\jackson\core\jackson-databind\2.21.2\jackson-databind-2.21.2.jar;C:\Users\Tejas\.m2\repository\com\fasterxml\jackson\core\jackson-core\2.21.2\jackson-core-2.21.2.jar;C:\Users\Tejas\.m2\repository\com\fasterxml\jackson\dataformat\jackson-dataformat-yaml\2.21.2\jackson-dataformat-yaml-2.21.2.jar;C:\Users\Tejas\.m2\repository\com\fasterxml\jackson\datatype\jackson-datatype-jsr310\2.21.2\jackson-datatype-jsr310-2.21.2.jar;C:\Users\Tejas\.m2\repository\org\webjars\swagger-ui\5.13.0\swagger-ui-5.13.0.jar
Launcher Type: SUN_STANDARD

[Global flags]
     intx CICompilerCount                          = 4                                         {product} {ergonomic}
     uint ConcGCThreads                            = 3                                         {product} {ergonomic}
     uint G1ConcRefinementThreads                  = 10                                        {product} {ergonomic}
   size_t G1HeapRegionSize                         = 1048576                                   {product} {ergonomic}
    uintx GCDrainStackTargetSize                   = 64                                        {product} {ergonomic}
   size_t InitialHeapSize                          = 130023424                                 {product} {ergonomic}
     bool ManagementServer                         = true                                      {product} {command line}
   size_t MarkStackSize                            = 4194304                                   {product} {ergonomic}
   size_t MaxHeapSize                              = 2067791872                                {product} {ergonomic}
   size_t MaxNewSize                               = 1240465408                                {product} {ergonomic}
   size_t MinHeapDeltaBytes                        = 1048576                                   {product} {ergonomic}
   size_t MinHeapSize                              = 8388608                                   {product} {ergonomic}
    uintx NonNMethodCodeHeapSize                   = 4096                                   {pd product} {ergonomic}
    uintx NonProfiledCodeHeapSize                  = 0                                      {pd product} {ergonomic}
     bool ProfileInterpreter                       = false                                  {pd product} {command line}
    uintx ProfiledCodeHeapSize                     = 0                                      {pd product} {ergonomic}
     bool ShowCodeDetailsInExceptionMessages       = true                                   {manageable} {command line}
   size_t SoftMaxHeapSize                          = 2067791872                             {manageable} {ergonomic}
     intx TieredStopAtLevel                        = 1                                         {product} {command line}
     bool UseCompressedOops                        = true                           {product lp64_product} {ergonomic}
     bool UseG1GC                                  = true                                      {product} {ergonomic}
     bool UseLargePagesIndividualAllocation        = false                                  {pd product} {ergonomic}

Logging:
Log output configuration:
 #0: stdout all=warning uptime,level,tags foldmultilines=false
 #1: stderr all=off uptime,level,tags foldmultilines=false

Environment Variables:
PATH=C:/Program Files/Java/jdk-21/bin/server;C:/Program Files/Java/jdk-21/bin;C:\Program Files\Common Files\Oracle\Java\javapath;C:\Program Files (x86)\Common Files\Oracle\Java\java8path;C:\Program Files (x86)\Common Files\Oracle\Java\javapath;C:\WINDOWS\system32;C:\WINDOWS;C:\WINDOWS\System32\Wbem;C:\WINDOWS\System32\WindowsPowerShell\v1.0\;C:\WINDOWS\System32\OpenSSH\;C:\Program Files\nodejs\;C:\Program Files\Git\cmd;C:\Program Files\dotnet\;C:\Program Files\Docker\Docker\resources\bin;C:\Users\Tejas\scoop\shims;C:\Program Files\MySQL\MySQL Shell 8.0\bin\;C:\Users\Tejas\AppData\Local\Programs\Python\Launcher\;C:\Users\Tejas\AppData\Local\Microsoft\WindowsApps;C:\Users\Tejas\AppData\Local\Programs\Microsoft VS Code\bin;C:\Users\Tejas\AppData\Roaming\npm;C:\Users\Tejas\OneDrive\Desktop;
USERNAME=Tejas
OS=Windows_NT
PROCESSOR_IDENTIFIER=Intel64 Family 6 Model 154 Stepping 4, GenuineIntel
TMP=C:\Users\Tejas\AppData\Local\Temp
TEMP=C:\Users\Tejas\AppData\Local\Temp




Periodic native trim disabled

---------------  S Y S T E M  ---------------

OS:
 Windows 11 , 64 bit Build 26100 (10.0.26100.8115)
OS uptime: 3 days 4:52 hours
Hyper-V role detected

CPU: total 12 (initial active 12) (6 cores per cpu, 2 threads per core) family 6 model 154 stepping 4 microcode 0x429, cx8, cmov, fxsr, ht, mmx, 3dnowpref, sse, sse2, sse3, ssse3, sse4.1, sse4.2, popcnt, lzcnt, tsc, tscinvbit, avx, avx2, aes, erms, clmul, bmi1, bmi2, adx, sha, fma, vzeroupper, clflush, clflushopt, clwb, hv, serialize, rdtscp, rdpid, fsrm, f16c, cet_ibt, cet_ss
Processor Information for processor 0
  Max Mhz: 1300, Current Mhz: 1300, Mhz Limit: 1300
Processor Information for processor 1
  Max Mhz: 1300, Current Mhz: 1300, Mhz Limit: 1300
Processor Information for processor 2
  Max Mhz: 1300, Current Mhz: 1300, Mhz Limit: 1300
Processor Information for processor 3
  Max Mhz: 1300, Current Mhz: 1300, Mhz Limit: 1300
Processor Information for processor 4
  Max Mhz: 1300, Current Mhz: 900, Mhz Limit: 897
Processor Information for processor 5
  Max Mhz: 1300, Current Mhz: 900, Mhz Limit: 897
Processor Information for processor 6
  Max Mhz: 1300, Current Mhz: 900, Mhz Limit: 897
Processor Information for processor 7
  Max Mhz: 1300, Current Mhz: 900, Mhz Limit: 897
Processor Information for processor 8
  Max Mhz: 1300, Current Mhz: 900, Mhz Limit: 897
Processor Information for processor 9
  Max Mhz: 1300, Current Mhz: 900, Mhz Limit: 897
Processor Information for processor 10
  Max Mhz: 1300, Current Mhz: 900, Mhz Limit: 897
Processor Information for processor 11
  Max Mhz: 1300, Current Mhz: 900, Mhz Limit: 897

Memory: 4k page, system-wide physical 7885M (644M free)
TotalPageFile size 21934M (AvailPageFile size 285M)
current process WorkingSet (physical memory assigned to process): 340M, peak: 340M
current process commit charge ("private bytes"): 435M, peak: 677M

vm_info: Java HotSpot(TM) 64-Bit Server VM (21.0.7+8-LTS-245) for windows-amd64 JRE (21.0.7+8-LTS-245), built on 2025-02-21T05:11:27Z by "mach5one" with MS VC++ 17.6 (VS2022)

END.
